// Jest Snapshot v1, https://goo.gl/fbAQLP

exports[`Landing component should match the snapshot 1`] = `
ShallowWrapper {
  Symbol(enzyme.__root__): [Circular],
  Symbol(enzyme.__unrendered__): <Landing />,
  Symbol(enzyme.__renderer__): Object {
    "batchedUpdates": [Function],
    "getNode": [Function],
    "render": [Function],
    "simulateError": [Function],
    "simulateEvent": [Function],
    "unmount": [Function],
  },
  Symbol(enzyme.__node__): Object {
    "instance": null,
    "key": undefined,
    "nodeType": "host",
    "props": Object {
      "children": Array [
        false,
        false,
        <div
          className="hero"
/>,
        <div
          className="button-container"
>
          <p>
                    Marfa tousled freegan, health goth everyday carry prism four dollar toast raclette blog. Pitchfork waistcoat +1 mlkshk roof party aesthetic humblebrag ramps, yr selvage. Trust fund echo park sartorial put a bird on it. Twee ennui bushwick celiac try-hard pinterest. Bushwick microdosing edison bulb banh mi poutine DIY. Cornhole tote bag twee, bespoke ramps roof party
          </p>
          <Unknown
                    className="half-button"
                    onClick={[Function]}
          >
                    Sign Up
          </Unknown>
          <Unknown
                    className="half-button"
                    onClick={[Function]}
          >
                    Log In
          </Unknown>
</div>,
      ],
      "className": "landing",
    },
    "ref": null,
    "rendered": Array [
      false,
      false,
      Object {
        "instance": null,
        "key": undefined,
        "nodeType": "host",
        "props": Object {
          "className": "hero",
        },
        "ref": null,
        "rendered": null,
        "type": "div",
      },
      Object {
        "instance": null,
        "key": undefined,
        "nodeType": "host",
        "props": Object {
          "children": Array [
            <p>
              Marfa tousled freegan, health goth everyday carry prism four dollar toast raclette blog. Pitchfork waistcoat +1 mlkshk roof party aesthetic humblebrag ramps, yr selvage. Trust fund echo park sartorial put a bird on it. Twee ennui bushwick celiac try-hard pinterest. Bushwick microdosing edison bulb banh mi poutine DIY. Cornhole tote bag twee, bespoke ramps roof party
</p>,
            <Unknown
              className="half-button"
              onClick={[Function]}
>
              Sign Up
</Unknown>,
            <Unknown
              className="half-button"
              onClick={[Function]}
>
              Log In
</Unknown>,
          ],
          "className": "button-container",
        },
        "ref": null,
        "rendered": Array [
          Object {
            "instance": null,
            "key": undefined,
            "nodeType": "host",
            "props": Object {
              "children": "Marfa tousled freegan, health goth everyday carry prism four dollar toast raclette blog. Pitchfork waistcoat +1 mlkshk roof party aesthetic humblebrag ramps, yr selvage. Trust fund echo park sartorial put a bird on it. Twee ennui bushwick celiac try-hard pinterest. Bushwick microdosing edison bulb banh mi poutine DIY. Cornhole tote bag twee, bespoke ramps roof party",
            },
            "ref": null,
            "rendered": "Marfa tousled freegan, health goth everyday carry prism four dollar toast raclette blog. Pitchfork waistcoat +1 mlkshk roof party aesthetic humblebrag ramps, yr selvage. Trust fund echo park sartorial put a bird on it. Twee ennui bushwick celiac try-hard pinterest. Bushwick microdosing edison bulb banh mi poutine DIY. Cornhole tote bag twee, bespoke ramps roof party",
            "type": "p",
          },
          Object {
            "instance": null,
            "key": undefined,
            "nodeType": "function",
            "props": Object {
              "children": "Sign Up",
              "className": "half-button",
              "onClick": [Function],
            },
            "ref": null,
            "rendered": "Sign Up",
            "type": Object {
              "$$typeof": Symbol(react.forward_ref),
              "attrs": undefined,
              "componentStyle": ComponentStyle {
                "componentId": "sc-bwzfXH",
                "isStatic": true,
                "rules": Array [
                  "
  margin-top: 15px;
  width: 80%;
  padding: 15px;
  border: none;
  border-radius: 5px;
  font-size: 1.2rem;
  background-color: #D52F7F;
  color: #fff;
  cursor: pointer;
",
                ],
              },
              "displayName": "styled.button",
              "render": [Function],
              "styledComponentId": "sc-bwzfXH",
              "target": "button",
              "warnTooManyClasses": [Function],
              "withComponent": [Function],
            },
          },
          Object {
            "instance": null,
            "key": undefined,
            "nodeType": "function",
            "props": Object {
              "children": "Log In",
              "className": "half-button",
              "onClick": [Function],
            },
            "ref": null,
            "rendered": "Log In",
            "type": Object {
              "$$typeof": Symbol(react.forward_ref),
              "attrs": undefined,
              "componentStyle": ComponentStyle {
                "componentId": "sc-bwzfXH",
                "isStatic": true,
                "rules": Array [
                  "
  margin-top: 15px;
  width: 80%;
  padding: 15px;
  border: none;
  border-radius: 5px;
  font-size: 1.2rem;
  background-color: #D52F7F;
  color: #fff;
  cursor: pointer;
",
                ],
              },
              "displayName": "styled.button",
              "render": [Function],
              "styledComponentId": "sc-bwzfXH",
              "target": "button",
              "warnTooManyClasses": [Function],
              "withComponent": [Function],
            },
          },
        ],
        "type": "div",
      },
    ],
    "type": "div",
  },
  Symbol(enzyme.__nodes__): Array [
    Object {
      "instance": null,
      "key": undefined,
      "nodeType": "host",
      "props": Object {
        "children": Array [
          false,
          false,
          <div
            className="hero"
/>,
          <div
            className="button-container"
>
            <p>
                        Marfa tousled freegan, health goth everyday carry prism four dollar toast raclette blog. Pitchfork waistcoat +1 mlkshk roof party aesthetic humblebrag ramps, yr selvage. Trust fund echo park sartorial put a bird on it. Twee ennui bushwick celiac try-hard pinterest. Bushwick microdosing edison bulb banh mi poutine DIY. Cornhole tote bag twee, bespoke ramps roof party
            </p>
            <Unknown
                        className="half-button"
                        onClick={[Function]}
            >
                        Sign Up
            </Unknown>
            <Unknown
                        className="half-button"
                        onClick={[Function]}
            >
                        Log In
            </Unknown>
</div>,
        ],
        "className": "landing",
      },
      "ref": null,
      "rendered": Array [
        false,
        false,
        Object {
          "instance": null,
          "key": undefined,
          "nodeType": "host",
          "props": Object {
            "className": "hero",
          },
          "ref": null,
          "rendered": null,
          "type": "div",
        },
        Object {
          "instance": null,
          "key": undefined,
          "nodeType": "host",
          "props": Object {
            "children": Array [
              <p>
                Marfa tousled freegan, health goth everyday carry prism four dollar toast raclette blog. Pitchfork waistcoat +1 mlkshk roof party aesthetic humblebrag ramps, yr selvage. Trust fund echo park sartorial put a bird on it. Twee ennui bushwick celiac try-hard pinterest. Bushwick microdosing edison bulb banh mi poutine DIY. Cornhole tote bag twee, bespoke ramps roof party
</p>,
              <Unknown
                className="half-button"
                onClick={[Function]}
>
                Sign Up
</Unknown>,
              <Unknown
                className="half-button"
                onClick={[Function]}
>
                Log In
</Unknown>,
            ],
            "className": "button-container",
          },
          "ref": null,
          "rendered": Array [
            Object {
              "instance": null,
              "key": undefined,
              "nodeType": "host",
              "props": Object {
                "children": "Marfa tousled freegan, health goth everyday carry prism four dollar toast raclette blog. Pitchfork waistcoat +1 mlkshk roof party aesthetic humblebrag ramps, yr selvage. Trust fund echo park sartorial put a bird on it. Twee ennui bushwick celiac try-hard pinterest. Bushwick microdosing edison bulb banh mi poutine DIY. Cornhole tote bag twee, bespoke ramps roof party",
              },
              "ref": null,
              "rendered": "Marfa tousled freegan, health goth everyday carry prism four dollar toast raclette blog. Pitchfork waistcoat +1 mlkshk roof party aesthetic humblebrag ramps, yr selvage. Trust fund echo park sartorial put a bird on it. Twee ennui bushwick celiac try-hard pinterest. Bushwick microdosing edison bulb banh mi poutine DIY. Cornhole tote bag twee, bespoke ramps roof party",
              "type": "p",
            },
            Object {
              "instance": null,
              "key": undefined,
              "nodeType": "function",
              "props": Object {
                "children": "Sign Up",
                "className": "half-button",
                "onClick": [Function],
              },
              "ref": null,
              "rendered": "Sign Up",
              "type": Object {
                "$$typeof": Symbol(react.forward_ref),
                "attrs": undefined,
                "componentStyle": ComponentStyle {
                  "componentId": "sc-bwzfXH",
                  "isStatic": true,
                  "rules": Array [
                    "
  margin-top: 15px;
  width: 80%;
  padding: 15px;
  border: none;
  border-radius: 5px;
  font-size: 1.2rem;
  background-color: #D52F7F;
  color: #fff;
  cursor: pointer;
",
                  ],
                },
                "displayName": "styled.button",
                "render": [Function],
                "styledComponentId": "sc-bwzfXH",
                "target": "button",
                "warnTooManyClasses": [Function],
                "withComponent": [Function],
              },
            },
            Object {
              "instance": null,
              "key": undefined,
              "nodeType": "function",
              "props": Object {
                "children": "Log In",
                "className": "half-button",
                "onClick": [Function],
              },
              "ref": null,
              "rendered": "Log In",
              "type": Object {
                "$$typeof": Symbol(react.forward_ref),
                "attrs": undefined,
                "componentStyle": ComponentStyle {
                  "componentId": "sc-bwzfXH",
                  "isStatic": true,
                  "rules": Array [
                    "
  margin-top: 15px;
  width: 80%;
  padding: 15px;
  border: none;
  border-radius: 5px;
  font-size: 1.2rem;
  background-color: #D52F7F;
  color: #fff;
  cursor: pointer;
",
                  ],
                },
                "displayName": "styled.button",
                "render": [Function],
                "styledComponentId": "sc-bwzfXH",
                "target": "button",
                "warnTooManyClasses": [Function],
                "withComponent": [Function],
              },
            },
          ],
          "type": "div",
        },
      ],
      "type": "div",
    },
  ],
  Symbol(enzyme.__options__): Object {
    "adapter": ReactSixteenAdapter {
      "options": Object {
        "enableComponentDidUpdateOnSetState": true,
        "lifecycles": Object {
          "componentDidUpdate": Object {
            "onSetState": true,
          },
          "getDerivedStateFromProps": true,
          "getSnapshotBeforeUpdate": true,
          "setState": Object {
            "skipsComponentDidUpdateOnNullish": true,
          },
        },
      },
    },
  },
}
`;
