// Jest Snapshot v1, https://goo.gl/fbAQLP

exports[`Landing component should match the snapshot 1`] = `
ShallowWrapper {
  Symbol(enzyme.__root__): [Circular],
  Symbol(enzyme.__unrendered__): <Landing />,
  Symbol(enzyme.__renderer__): Object {
    "batchedUpdates": [Function],
    "getNode": [Function],
    "render": [Function],
    "simulateError": [Function],
    "simulateEvent": [Function],
    "unmount": [Function],
  },
  Symbol(enzyme.__node__): Object {
    "instance": null,
    "key": undefined,
    "nodeType": "host",
    "props": Object {
      "children": Array [
        false,
        false,
        <div
          className="hero"
/>,
        <div
          className="button-container"
>
          <p>
                    Marfa tousled freegan, health goth everyday carry prism four dollar toast raclette blog. Pitchfork waistcoat +1 mlkshk roof party aesthetic humblebrag ramps, yr selvage. Trust fund echo park sartorial put a bird on it. Twee ennui bushwick celiac try-hard pinterest. Bushwick microdosing edison bulb banh mi poutine DIY. Cornhole tote bag twee, bespoke ramps roof party
          </p>
          <button
                    onClick={[Function]}
          >
                    Sign Up
          </button>
          <button
                    onClick={[Function]}
          >
                    Log In
          </button>
</div>,
      ],
      "className": "landing",
    },
    "ref": null,
    "rendered": Array [
      false,
      false,
      Object {
        "instance": null,
        "key": undefined,
        "nodeType": "host",
        "props": Object {
          "className": "hero",
        },
        "ref": null,
        "rendered": null,
        "type": "div",
      },
      Object {
        "instance": null,
        "key": undefined,
        "nodeType": "host",
        "props": Object {
          "children": Array [
            <p>
              Marfa tousled freegan, health goth everyday carry prism four dollar toast raclette blog. Pitchfork waistcoat +1 mlkshk roof party aesthetic humblebrag ramps, yr selvage. Trust fund echo park sartorial put a bird on it. Twee ennui bushwick celiac try-hard pinterest. Bushwick microdosing edison bulb banh mi poutine DIY. Cornhole tote bag twee, bespoke ramps roof party
</p>,
            <button
              onClick={[Function]}
>
              Sign Up
</button>,
            <button
              onClick={[Function]}
>
              Log In
</button>,
          ],
          "className": "button-container",
        },
        "ref": null,
        "rendered": Array [
          Object {
            "instance": null,
            "key": undefined,
            "nodeType": "host",
            "props": Object {
              "children": "Marfa tousled freegan, health goth everyday carry prism four dollar toast raclette blog. Pitchfork waistcoat +1 mlkshk roof party aesthetic humblebrag ramps, yr selvage. Trust fund echo park sartorial put a bird on it. Twee ennui bushwick celiac try-hard pinterest. Bushwick microdosing edison bulb banh mi poutine DIY. Cornhole tote bag twee, bespoke ramps roof party",
            },
            "ref": null,
            "rendered": "Marfa tousled freegan, health goth everyday carry prism four dollar toast raclette blog. Pitchfork waistcoat +1 mlkshk roof party aesthetic humblebrag ramps, yr selvage. Trust fund echo park sartorial put a bird on it. Twee ennui bushwick celiac try-hard pinterest. Bushwick microdosing edison bulb banh mi poutine DIY. Cornhole tote bag twee, bespoke ramps roof party",
            "type": "p",
          },
          Object {
            "instance": null,
            "key": undefined,
            "nodeType": "host",
            "props": Object {
              "children": "Sign Up",
              "onClick": [Function],
            },
            "ref": null,
            "rendered": "Sign Up",
            "type": "button",
          },
          Object {
            "instance": null,
            "key": undefined,
            "nodeType": "host",
            "props": Object {
              "children": "Log In",
              "onClick": [Function],
            },
            "ref": null,
            "rendered": "Log In",
            "type": "button",
          },
        ],
        "type": "div",
      },
    ],
    "type": "div",
  },
  Symbol(enzyme.__nodes__): Array [
    Object {
      "instance": null,
      "key": undefined,
      "nodeType": "host",
      "props": Object {
        "children": Array [
          false,
          false,
          <div
            className="hero"
/>,
          <div
            className="button-container"
>
            <p>
                        Marfa tousled freegan, health goth everyday carry prism four dollar toast raclette blog. Pitchfork waistcoat +1 mlkshk roof party aesthetic humblebrag ramps, yr selvage. Trust fund echo park sartorial put a bird on it. Twee ennui bushwick celiac try-hard pinterest. Bushwick microdosing edison bulb banh mi poutine DIY. Cornhole tote bag twee, bespoke ramps roof party
            </p>
            <button
                        onClick={[Function]}
            >
                        Sign Up
            </button>
            <button
                        onClick={[Function]}
            >
                        Log In
            </button>
</div>,
        ],
        "className": "landing",
      },
      "ref": null,
      "rendered": Array [
        false,
        false,
        Object {
          "instance": null,
          "key": undefined,
          "nodeType": "host",
          "props": Object {
            "className": "hero",
          },
          "ref": null,
          "rendered": null,
          "type": "div",
        },
        Object {
          "instance": null,
          "key": undefined,
          "nodeType": "host",
          "props": Object {
            "children": Array [
              <p>
                Marfa tousled freegan, health goth everyday carry prism four dollar toast raclette blog. Pitchfork waistcoat +1 mlkshk roof party aesthetic humblebrag ramps, yr selvage. Trust fund echo park sartorial put a bird on it. Twee ennui bushwick celiac try-hard pinterest. Bushwick microdosing edison bulb banh mi poutine DIY. Cornhole tote bag twee, bespoke ramps roof party
</p>,
              <button
                onClick={[Function]}
>
                Sign Up
</button>,
              <button
                onClick={[Function]}
>
                Log In
</button>,
            ],
            "className": "button-container",
          },
          "ref": null,
          "rendered": Array [
            Object {
              "instance": null,
              "key": undefined,
              "nodeType": "host",
              "props": Object {
                "children": "Marfa tousled freegan, health goth everyday carry prism four dollar toast raclette blog. Pitchfork waistcoat +1 mlkshk roof party aesthetic humblebrag ramps, yr selvage. Trust fund echo park sartorial put a bird on it. Twee ennui bushwick celiac try-hard pinterest. Bushwick microdosing edison bulb banh mi poutine DIY. Cornhole tote bag twee, bespoke ramps roof party",
              },
              "ref": null,
              "rendered": "Marfa tousled freegan, health goth everyday carry prism four dollar toast raclette blog. Pitchfork waistcoat +1 mlkshk roof party aesthetic humblebrag ramps, yr selvage. Trust fund echo park sartorial put a bird on it. Twee ennui bushwick celiac try-hard pinterest. Bushwick microdosing edison bulb banh mi poutine DIY. Cornhole tote bag twee, bespoke ramps roof party",
              "type": "p",
            },
            Object {
              "instance": null,
              "key": undefined,
              "nodeType": "host",
              "props": Object {
                "children": "Sign Up",
                "onClick": [Function],
              },
              "ref": null,
              "rendered": "Sign Up",
              "type": "button",
            },
            Object {
              "instance": null,
              "key": undefined,
              "nodeType": "host",
              "props": Object {
                "children": "Log In",
                "onClick": [Function],
              },
              "ref": null,
              "rendered": "Log In",
              "type": "button",
            },
          ],
          "type": "div",
        },
      ],
      "type": "div",
    },
  ],
  Symbol(enzyme.__options__): Object {
    "adapter": ReactSixteenAdapter {
      "options": Object {
        "enableComponentDidUpdateOnSetState": true,
        "lifecycles": Object {
          "componentDidUpdate": Object {
            "onSetState": true,
          },
          "getDerivedStateFromProps": true,
          "getSnapshotBeforeUpdate": true,
          "setState": Object {
            "skipsComponentDidUpdateOnNullish": true,
          },
        },
      },
    },
  },
}
`;
