// Jest Snapshot v1, https://goo.gl/fbAQLP

exports[`Landing component should match the snapshot 1`] = `
ShallowWrapper {
  Symbol(enzyme.__root__): [Circular],
  Symbol(enzyme.__unrendered__): <Landing />,
  Symbol(enzyme.__renderer__): Object {
    "batchedUpdates": [Function],
    "getNode": [Function],
    "render": [Function],
    "simulateError": [Function],
    "simulateEvent": [Function],
    "unmount": [Function],
  },
  Symbol(enzyme.__node__): Object {
    "instance": null,
    "key": undefined,
    "nodeType": "host",
    "props": Object {
      "children": Array [
        false,
        false,
        <section
          className="hero"
        >
          <h1>
            Talent Buyer
          </h1>
          <withRouter(Splash)
            openLogInModal={[Function]}
            openSignUpModal={[Function]}
          />
          <section
            className="divider"
          >
            <div
              className="divider-line"
            />
            <i
              className="fas fa-angle-down"
            />
            <div
              className="divider-line"
            />
          </section>
        </section>,
        <section
          className="market-dash"
        >
          <div
            className="market-dash-text"
          >
            <h2
              className="section-title"
            >
              Organize all your shows in the dashboard.
            </h2>
            <p>
              Lorem ipsum dolor sit amet consectetur adipisicing elit. Eos magni illum voluptates maiores eveniet minus eum laboriosam quos quo soluta!
            </p>
          </div>
          <img
            alt="dashboard"
            src="dashImage.jpg"
            style={
              Object {
                "height": "250px",
              }
            }
          />
        </section>,
        <section
          className="market-browse"
        >
          <img
            alt="dashboard"
            src="dashImage.jpg"
            style={
              Object {
                "height": "320px",
              }
            }
          />
          <div
            className="market-dash-text"
          >
            <h2
              className="section-title"
            >
              Organize all your shows in the dashboard.
            </h2>
            <p>
              Lorem ipsum dolor sit amet consectetur adipisicing elit. Eos magni illum voluptates maiores eveniet minus eum laboriosam quos quo soluta!
            </p>
          </div>
        </section>,
      ],
      "className": "landing",
    },
    "ref": null,
    "rendered": Array [
      false,
      false,
      Object {
        "instance": null,
        "key": undefined,
        "nodeType": "host",
        "props": Object {
          "children": Array [
            <h1>
              Talent Buyer
            </h1>,
            <withRouter(Splash)
              openLogInModal={[Function]}
              openSignUpModal={[Function]}
            />,
            <section
              className="divider"
            >
              <div
                className="divider-line"
              />
              <i
                className="fas fa-angle-down"
              />
              <div
                className="divider-line"
              />
            </section>,
          ],
          "className": "hero",
        },
        "ref": null,
        "rendered": Array [
          Object {
            "instance": null,
            "key": undefined,
            "nodeType": "host",
            "props": Object {
              "children": "Talent Buyer",
            },
            "ref": null,
            "rendered": "Talent Buyer",
            "type": "h1",
          },
          Object {
            "instance": null,
            "key": undefined,
            "nodeType": "function",
            "props": Object {
              "openLogInModal": [Function],
              "openSignUpModal": [Function],
            },
            "ref": null,
            "rendered": null,
            "type": [Function],
          },
          Object {
            "instance": null,
            "key": undefined,
            "nodeType": "host",
            "props": Object {
              "children": Array [
                <div
                  className="divider-line"
                />,
                <i
                  className="fas fa-angle-down"
                />,
                <div
                  className="divider-line"
                />,
              ],
              "className": "divider",
            },
            "ref": null,
            "rendered": Array [
              Object {
                "instance": null,
                "key": undefined,
                "nodeType": "host",
                "props": Object {
                  "className": "divider-line",
                },
                "ref": null,
                "rendered": null,
                "type": "div",
              },
              Object {
                "instance": null,
                "key": undefined,
                "nodeType": "host",
                "props": Object {
                  "className": "fas fa-angle-down",
                },
                "ref": null,
                "rendered": null,
                "type": "i",
              },
              Object {
                "instance": null,
                "key": undefined,
                "nodeType": "host",
                "props": Object {
                  "className": "divider-line",
                },
                "ref": null,
                "rendered": null,
                "type": "div",
              },
            ],
            "type": "section",
          },
        ],
        "type": "section",
      },
      Object {
        "instance": null,
        "key": undefined,
        "nodeType": "host",
        "props": Object {
          "children": Array [
            <div
              className="market-dash-text"
            >
              <h2
                className="section-title"
              >
                Organize all your shows in the dashboard.
              </h2>
              <p>
                Lorem ipsum dolor sit amet consectetur adipisicing elit. Eos magni illum voluptates maiores eveniet minus eum laboriosam quos quo soluta!
              </p>
            </div>,
            <img
              alt="dashboard"
              src="dashImage.jpg"
              style={
                Object {
                  "height": "250px",
                }
              }
            />,
          ],
          "className": "market-dash",
        },
        "ref": null,
        "rendered": Array [
          Object {
            "instance": null,
            "key": undefined,
            "nodeType": "host",
            "props": Object {
              "children": Array [
                <h2
                  className="section-title"
                >
                  Organize all your shows in the dashboard.
                </h2>,
                <p>
                  Lorem ipsum dolor sit amet consectetur adipisicing elit. Eos magni illum voluptates maiores eveniet minus eum laboriosam quos quo soluta!
                </p>,
              ],
              "className": "market-dash-text",
            },
            "ref": null,
            "rendered": Array [
              Object {
                "instance": null,
                "key": undefined,
                "nodeType": "host",
                "props": Object {
                  "children": "Organize all your shows in the dashboard.",
                  "className": "section-title",
                },
                "ref": null,
                "rendered": "Organize all your shows in the dashboard.",
                "type": "h2",
              },
              Object {
                "instance": null,
                "key": undefined,
                "nodeType": "host",
                "props": Object {
                  "children": "Lorem ipsum dolor sit amet consectetur adipisicing elit. Eos magni illum voluptates maiores eveniet minus eum laboriosam quos quo soluta!",
                },
                "ref": null,
                "rendered": "Lorem ipsum dolor sit amet consectetur adipisicing elit. Eos magni illum voluptates maiores eveniet minus eum laboriosam quos quo soluta!",
                "type": "p",
              },
            ],
            "type": "div",
          },
          Object {
            "instance": null,
            "key": undefined,
            "nodeType": "host",
            "props": Object {
              "alt": "dashboard",
              "src": "dashImage.jpg",
              "style": Object {
                "height": "250px",
              },
            },
            "ref": null,
            "rendered": null,
            "type": "img",
          },
        ],
        "type": "section",
      },
      Object {
        "instance": null,
        "key": undefined,
        "nodeType": "host",
        "props": Object {
          "children": Array [
            <img
              alt="dashboard"
              src="dashImage.jpg"
              style={
                Object {
                  "height": "320px",
                }
              }
            />,
            <div
              className="market-dash-text"
            >
              <h2
                className="section-title"
              >
                Organize all your shows in the dashboard.
              </h2>
              <p>
                Lorem ipsum dolor sit amet consectetur adipisicing elit. Eos magni illum voluptates maiores eveniet minus eum laboriosam quos quo soluta!
              </p>
            </div>,
          ],
          "className": "market-browse",
        },
        "ref": null,
        "rendered": Array [
          Object {
            "instance": null,
            "key": undefined,
            "nodeType": "host",
            "props": Object {
              "alt": "dashboard",
              "src": "dashImage.jpg",
              "style": Object {
                "height": "320px",
              },
            },
            "ref": null,
            "rendered": null,
            "type": "img",
          },
          Object {
            "instance": null,
            "key": undefined,
            "nodeType": "host",
            "props": Object {
              "children": Array [
                <h2
                  className="section-title"
                >
                  Organize all your shows in the dashboard.
                </h2>,
                <p>
                  Lorem ipsum dolor sit amet consectetur adipisicing elit. Eos magni illum voluptates maiores eveniet minus eum laboriosam quos quo soluta!
                </p>,
              ],
              "className": "market-dash-text",
            },
            "ref": null,
            "rendered": Array [
              Object {
                "instance": null,
                "key": undefined,
                "nodeType": "host",
                "props": Object {
                  "children": "Organize all your shows in the dashboard.",
                  "className": "section-title",
                },
                "ref": null,
                "rendered": "Organize all your shows in the dashboard.",
                "type": "h2",
              },
              Object {
                "instance": null,
                "key": undefined,
                "nodeType": "host",
                "props": Object {
                  "children": "Lorem ipsum dolor sit amet consectetur adipisicing elit. Eos magni illum voluptates maiores eveniet minus eum laboriosam quos quo soluta!",
                },
                "ref": null,
                "rendered": "Lorem ipsum dolor sit amet consectetur adipisicing elit. Eos magni illum voluptates maiores eveniet minus eum laboriosam quos quo soluta!",
                "type": "p",
              },
            ],
            "type": "div",
          },
        ],
        "type": "section",
      },
    ],
    "type": "div",
  },
  Symbol(enzyme.__nodes__): Array [
    Object {
      "instance": null,
      "key": undefined,
      "nodeType": "host",
      "props": Object {
        "children": Array [
          false,
          false,
          <section
            className="hero"
          >
            <h1>
              Talent Buyer
            </h1>
            <withRouter(Splash)
              openLogInModal={[Function]}
              openSignUpModal={[Function]}
            />
            <section
              className="divider"
            >
              <div
                className="divider-line"
              />
              <i
                className="fas fa-angle-down"
              />
              <div
                className="divider-line"
              />
            </section>
          </section>,
          <section
            className="market-dash"
          >
            <div
              className="market-dash-text"
            >
              <h2
                className="section-title"
              >
                Organize all your shows in the dashboard.
              </h2>
              <p>
                Lorem ipsum dolor sit amet consectetur adipisicing elit. Eos magni illum voluptates maiores eveniet minus eum laboriosam quos quo soluta!
              </p>
            </div>
            <img
              alt="dashboard"
              src="dashImage.jpg"
              style={
                Object {
                  "height": "250px",
                }
              }
            />
          </section>,
          <section
            className="market-browse"
          >
            <img
              alt="dashboard"
              src="dashImage.jpg"
              style={
                Object {
                  "height": "320px",
                }
              }
            />
            <div
              className="market-dash-text"
            >
              <h2
                className="section-title"
              >
                Organize all your shows in the dashboard.
              </h2>
              <p>
                Lorem ipsum dolor sit amet consectetur adipisicing elit. Eos magni illum voluptates maiores eveniet minus eum laboriosam quos quo soluta!
              </p>
            </div>
          </section>,
        ],
        "className": "landing",
      },
      "ref": null,
      "rendered": Array [
        false,
        false,
        Object {
          "instance": null,
          "key": undefined,
          "nodeType": "host",
          "props": Object {
            "children": Array [
              <h1>
                Talent Buyer
              </h1>,
              <withRouter(Splash)
                openLogInModal={[Function]}
                openSignUpModal={[Function]}
              />,
              <section
                className="divider"
              >
                <div
                  className="divider-line"
                />
                <i
                  className="fas fa-angle-down"
                />
                <div
                  className="divider-line"
                />
              </section>,
            ],
            "className": "hero",
          },
          "ref": null,
          "rendered": Array [
            Object {
              "instance": null,
              "key": undefined,
              "nodeType": "host",
              "props": Object {
                "children": "Talent Buyer",
              },
              "ref": null,
              "rendered": "Talent Buyer",
              "type": "h1",
            },
            Object {
              "instance": null,
              "key": undefined,
              "nodeType": "function",
              "props": Object {
                "openLogInModal": [Function],
                "openSignUpModal": [Function],
              },
              "ref": null,
              "rendered": null,
              "type": [Function],
            },
            Object {
              "instance": null,
              "key": undefined,
              "nodeType": "host",
              "props": Object {
                "children": Array [
                  <div
                    className="divider-line"
                  />,
                  <i
                    className="fas fa-angle-down"
                  />,
                  <div
                    className="divider-line"
                  />,
                ],
                "className": "divider",
              },
              "ref": null,
              "rendered": Array [
                Object {
                  "instance": null,
                  "key": undefined,
                  "nodeType": "host",
                  "props": Object {
                    "className": "divider-line",
                  },
                  "ref": null,
                  "rendered": null,
                  "type": "div",
                },
                Object {
                  "instance": null,
                  "key": undefined,
                  "nodeType": "host",
                  "props": Object {
                    "className": "fas fa-angle-down",
                  },
                  "ref": null,
                  "rendered": null,
                  "type": "i",
                },
                Object {
                  "instance": null,
                  "key": undefined,
                  "nodeType": "host",
                  "props": Object {
                    "className": "divider-line",
                  },
                  "ref": null,
                  "rendered": null,
                  "type": "div",
                },
              ],
              "type": "section",
            },
          ],
          "type": "section",
        },
        Object {
          "instance": null,
          "key": undefined,
          "nodeType": "host",
          "props": Object {
            "children": Array [
              <div
                className="market-dash-text"
              >
                <h2
                  className="section-title"
                >
                  Organize all your shows in the dashboard.
                </h2>
                <p>
                  Lorem ipsum dolor sit amet consectetur adipisicing elit. Eos magni illum voluptates maiores eveniet minus eum laboriosam quos quo soluta!
                </p>
              </div>,
              <img
                alt="dashboard"
                src="dashImage.jpg"
                style={
                  Object {
                    "height": "250px",
                  }
                }
              />,
            ],
            "className": "market-dash",
          },
          "ref": null,
          "rendered": Array [
            Object {
              "instance": null,
              "key": undefined,
              "nodeType": "host",
              "props": Object {
                "children": Array [
                  <h2
                    className="section-title"
                  >
                    Organize all your shows in the dashboard.
                  </h2>,
                  <p>
                    Lorem ipsum dolor sit amet consectetur adipisicing elit. Eos magni illum voluptates maiores eveniet minus eum laboriosam quos quo soluta!
                  </p>,
                ],
                "className": "market-dash-text",
              },
              "ref": null,
              "rendered": Array [
                Object {
                  "instance": null,
                  "key": undefined,
                  "nodeType": "host",
                  "props": Object {
                    "children": "Organize all your shows in the dashboard.",
                    "className": "section-title",
                  },
                  "ref": null,
                  "rendered": "Organize all your shows in the dashboard.",
                  "type": "h2",
                },
                Object {
                  "instance": null,
                  "key": undefined,
                  "nodeType": "host",
                  "props": Object {
                    "children": "Lorem ipsum dolor sit amet consectetur adipisicing elit. Eos magni illum voluptates maiores eveniet minus eum laboriosam quos quo soluta!",
                  },
                  "ref": null,
                  "rendered": "Lorem ipsum dolor sit amet consectetur adipisicing elit. Eos magni illum voluptates maiores eveniet minus eum laboriosam quos quo soluta!",
                  "type": "p",
                },
              ],
              "type": "div",
            },
            Object {
              "instance": null,
              "key": undefined,
              "nodeType": "host",
              "props": Object {
                "alt": "dashboard",
                "src": "dashImage.jpg",
                "style": Object {
                  "height": "250px",
                },
              },
              "ref": null,
              "rendered": null,
              "type": "img",
            },
          ],
          "type": "section",
        },
        Object {
          "instance": null,
          "key": undefined,
          "nodeType": "host",
          "props": Object {
            "children": Array [
              <img
                alt="dashboard"
                src="dashImage.jpg"
                style={
                  Object {
                    "height": "320px",
                  }
                }
              />,
              <div
                className="market-dash-text"
              >
                <h2
                  className="section-title"
                >
                  Organize all your shows in the dashboard.
                </h2>
                <p>
                  Lorem ipsum dolor sit amet consectetur adipisicing elit. Eos magni illum voluptates maiores eveniet minus eum laboriosam quos quo soluta!
                </p>
              </div>,
            ],
            "className": "market-browse",
          },
          "ref": null,
          "rendered": Array [
            Object {
              "instance": null,
              "key": undefined,
              "nodeType": "host",
              "props": Object {
                "alt": "dashboard",
                "src": "dashImage.jpg",
                "style": Object {
                  "height": "320px",
                },
              },
              "ref": null,
              "rendered": null,
              "type": "img",
            },
            Object {
              "instance": null,
              "key": undefined,
              "nodeType": "host",
              "props": Object {
                "children": Array [
                  <h2
                    className="section-title"
                  >
                    Organize all your shows in the dashboard.
                  </h2>,
                  <p>
                    Lorem ipsum dolor sit amet consectetur adipisicing elit. Eos magni illum voluptates maiores eveniet minus eum laboriosam quos quo soluta!
                  </p>,
                ],
                "className": "market-dash-text",
              },
              "ref": null,
              "rendered": Array [
                Object {
                  "instance": null,
                  "key": undefined,
                  "nodeType": "host",
                  "props": Object {
                    "children": "Organize all your shows in the dashboard.",
                    "className": "section-title",
                  },
                  "ref": null,
                  "rendered": "Organize all your shows in the dashboard.",
                  "type": "h2",
                },
                Object {
                  "instance": null,
                  "key": undefined,
                  "nodeType": "host",
                  "props": Object {
                    "children": "Lorem ipsum dolor sit amet consectetur adipisicing elit. Eos magni illum voluptates maiores eveniet minus eum laboriosam quos quo soluta!",
                  },
                  "ref": null,
                  "rendered": "Lorem ipsum dolor sit amet consectetur adipisicing elit. Eos magni illum voluptates maiores eveniet minus eum laboriosam quos quo soluta!",
                  "type": "p",
                },
              ],
              "type": "div",
            },
          ],
          "type": "section",
        },
      ],
      "type": "div",
    },
  ],
  Symbol(enzyme.__options__): Object {
    "adapter": ReactSixteenAdapter {
      "options": Object {
        "enableComponentDidUpdateOnSetState": true,
        "lifecycles": Object {
          "componentDidUpdate": Object {
            "onSetState": true,
          },
          "getDerivedStateFromProps": true,
          "getSnapshotBeforeUpdate": true,
          "setState": Object {
            "skipsComponentDidUpdateOnNullish": true,
          },
        },
      },
    },
  },
}
`;
