// Jest Snapshot v1, https://goo.gl/fbAQLP

exports[`OffersContainer component should match the snapshot 1`] = `
ShallowWrapper {
  Symbol(enzyme.__root__): [Circular],
  Symbol(enzyme.__unrendered__): <OffersContainer
    date={2019-12-10T07:00:00.000Z}
    offers={
        Array [
            Object {
              "age_range": "16+",
              "artist_id": 19,
              "artist_name": "Calvin Harris",
              "bonuses": "+$1k at 600 sold",
              "buyer_id": 3,
              "date": "2018-10-29",
              "door_times": "9pm-12am",
              "gross_potential": 8500,
              "guarantee": 5000,
              "id": 5,
              "merch_split": "80/20 artist/venue",
              "radius_clause": "120mi +/- 60days",
              "status": "pending",
              "total_expenses": 2000,
              "venue_id": 3,
            },
            Object {
              "age_range": "16+",
              "artist_id": 19,
              "artist_name": "Calvin Harris",
              "bonuses": "+$1k at 600 sold",
              "buyer_id": 3,
              "date": "2018-10-29",
              "door_times": "9pm-12am",
              "gross_potential": 8500,
              "guarantee": 5000,
              "id": 6,
              "merch_split": "80/20 artist/venue",
              "radius_clause": "120mi +/- 60days",
              "status": "pending",
              "total_expenses": 2000,
              "venue_id": 3,
            },
            Object {
              "age_range": "16+",
              "artist_id": 19,
              "artist_name": "Calvin Harris",
              "bonuses": "+$1k at 600 sold",
              "buyer_id": 3,
              "date": "2018-10-29",
              "door_times": "9pm-12am",
              "gross_potential": 8500,
              "guarantee": 5000,
              "id": 7,
              "merch_split": "80/20 artist/venue",
              "radius_clause": "120mi +/- 60days",
              "status": "pending",
              "total_expenses": 2000,
              "venue_id": 3,
            },
            Object {
              "age_range": "16+",
              "artist_id": 4,
              "artist_name": "Alesso",
              "bonuses": "+$1k at 600 sold",
              "buyer_id": 3,
              "date": "2018-10-29",
              "door_times": "9pm-12am",
              "gross_potential": 8500,
              "guarantee": 100032,
              "id": 8,
              "merch_split": "80/20 artist/venue",
              "radius_clause": "120mi +/- 60days",
              "status": "pending",
              "total_expenses": 2000,
              "venue_id": 3,
            },
            Object {
              "age_range": "16+",
              "artist_id": 7,
              "artist_name": "Afrojack",
              "bonuses": "+$1k at 600 sold",
              "buyer_id": 3,
              "date": "2018-10-29",
              "door_times": "9pm-12am",
              "gross_potential": 8500,
              "guarantee": 5000,
              "id": 9,
              "merch_split": "80/20 artist/venue",
              "radius_clause": "120mi +/- 60days",
              "status": "pending",
              "total_expenses": 2000,
              "venue_id": 3,
            },
            Object {
              "age_range": "16+",
              "artist_id": 7,
              "artist_name": "Afrojack",
              "bonuses": "+$1k at 600 sold",
              "buyer_id": 3,
              "date": "2018-10-29",
              "door_times": "9pm-12am",
              "gross_potential": 8500,
              "guarantee": 5000,
              "id": 10,
              "merch_split": "80/20 artist/venue",
              "radius_clause": "120mi +/- 60days",
              "status": "pending",
              "total_expenses": 2000,
              "venue_id": 3,
            },
            Object {
              "age_range": "16+",
              "artist_id": 99,
              "artist_name": "Savoy",
              "bonuses": "+$1k at 600 sold",
              "buyer_id": 3,
              "date": "2018-10-29",
              "door_times": "9pm-12am",
              "gross_potential": 8500,
              "guarantee": 5000,
              "id": 11,
              "merch_split": "80/20 artist/venue",
              "radius_clause": "120mi +/- 60days",
              "status": "pending",
              "total_expenses": 2000,
              "venue_id": 3,
            },
            Object {
              "age_range": "16+",
              "artist_id": 4,
              "artist_name": "Alesso",
              "bonuses": "+$1k at 600 sold",
              "buyer_id": 3,
              "date": "2018-10-29",
              "door_times": "9pm-12am",
              "gross_potential": 8500,
              "guarantee": 5000,
              "id": 12,
              "merch_split": "80/20 artist/venue",
              "radius_clause": "120mi +/- 60days",
              "status": "pending",
              "total_expenses": 2000,
              "venue_id": 3,
            },
            Object {
              "age_range": "16+",
              "artist_id": 22,
              "artist_name": "Chris Lake",
              "bonuses": "+$1k at 600 sold",
              "buyer_id": 3,
              "date": "2018-10-29",
              "door_times": "9pm-12am",
              "gross_potential": 8500,
              "guarantee": 5000,
              "id": 13,
              "merch_split": "80/20 artist/venue",
              "radius_clause": "120mi +/- 60days",
              "status": "pending",
              "total_expenses": 2000,
              "venue_id": 3,
            },
            Object {
              "age_range": "16+",
              "artist_id": 19,
              "artist_name": "Calvin Harris",
              "bonuses": "+$1k at 600 sold",
              "buyer_id": 3,
              "date": "2018-10-30",
              "door_times": "9pm-12am",
              "gross_potential": 8500,
              "guarantee": 5000,
              "id": 14,
              "merch_split": "80/20 artist/venue",
              "radius_clause": "120mi +/- 60days",
              "status": "pending",
              "total_expenses": 2000,
              "venue_id": 3,
            },
            Object {
              "age_range": "16+",
              "artist_id": 7,
              "artist_name": "Afrojack",
              "bonuses": "+$1k at 600 sold",
              "buyer_id": 3,
              "date": "2018-10-29",
              "door_times": "9pm-12am",
              "gross_potential": 8500,
              "guarantee": 5000,
              "id": 15,
              "merch_split": "80/20 artist/venue",
              "radius_clause": "120mi +/- 60days",
              "status": "pending",
              "total_expenses": 2000,
              "venue_id": 3,
            },
            Object {
              "age_range": "16+",
              "artist_id": 4,
              "artist_name": "Alesso",
              "bonuses": "+$1k at 600 sold",
              "buyer_id": 3,
              "date": "2018-11-24",
              "door_times": "9pm-12am",
              "gross_potential": 8500,
              "guarantee": 5000,
              "id": 16,
              "merch_split": "80/20 artist/venue",
              "radius_clause": "120mi +/- 60days",
              "status": "pending",
              "total_expenses": 2000,
              "venue_id": 3,
            },
            Object {
              "age_range": "16+",
              "artist_id": 16,
              "artist_name": "Borgore",
              "bonuses": "+$1k at 600 sold",
              "buyer_id": 3,
              "date": "2018-10-29",
              "door_times": "9pm-12am",
              "gross_potential": 8500,
              "guarantee": 5000,
              "id": 17,
              "merch_split": "80/20 artist/venue",
              "radius_clause": "120mi +/- 60days",
              "status": "pending",
              "total_expenses": 2000,
              "venue_id": 3,
            },
            Object {
              "age_range": "16+",
              "artist_id": 4,
              "artist_name": "Alesso",
              "bonuses": "+$1k at 600 sold",
              "buyer_id": 3,
              "date": "2018-11-16",
              "door_times": "9pm-12am",
              "gross_potential": 8500,
              "guarantee": 5000,
              "id": 18,
              "merch_split": "80/20 artist/venue",
              "radius_clause": "120mi +/- 60days",
              "status": "pending",
              "total_expenses": 2000,
              "venue_id": 3,
            },
            Object {
              "age_range": "16+",
              "artist_id": 16,
              "artist_name": "Borgore",
              "bonuses": "+$1k at 600 sold",
              "buyer_id": 3,
              "date": "2018-11-01",
              "door_times": "9pm-12am",
              "gross_potential": 8500,
              "guarantee": 5000,
              "id": 19,
              "merch_split": "80/20 artist/venue",
              "radius_clause": "120mi +/- 60days",
              "status": "pending",
              "total_expenses": 2000,
              "venue_id": 3,
            },
            Object {
              "age_range": "16+",
              "artist_id": 4,
              "artist_name": "Alesso",
              "bonuses": "+$1k at 600 sold",
              "buyer_id": 3,
              "date": "2018-11-01",
              "door_times": "9pm-12am",
              "gross_potential": 8500,
              "guarantee": 5000,
              "id": 20,
              "merch_split": "80/20 artist/venue",
              "radius_clause": "120mi +/- 60days",
              "status": "pending",
              "total_expenses": 2000,
              "venue_id": 3,
            },
            Object {
              "age_range": "16+",
              "artist_id": 7,
              "artist_name": "Afrojack",
              "bonuses": "+$1k at 600 sold",
              "buyer_id": 3,
              "date": "2018-11-08",
              "door_times": "9pm-12am",
              "gross_potential": 8500,
              "guarantee": 5000,
              "id": 21,
              "merch_split": "80/20 artist/venue",
              "radius_clause": "120mi +/- 60days",
              "status": "pending",
              "total_expenses": 2000,
              "venue_id": 3,
            },
            Object {
              "age_range": "16+",
              "artist_id": 18,
              "artist_name": "Booka Shade",
              "bonuses": "+$1k at 600 sold",
              "buyer_id": 3,
              "date": "2018-11-02",
              "door_times": "9pm-12am",
              "gross_potential": 8500,
              "guarantee": 5000,
              "id": 22,
              "merch_split": "80/20 artist/venue",
              "radius_clause": "120mi +/- 60days",
              "status": "pending",
              "total_expenses": 2000,
              "venue_id": 3,
            },
          ]
    }
    openEditOfferModal={[Function]}
/>,
  Symbol(enzyme.__renderer__): Object {
    "batchedUpdates": [Function],
    "getNode": [Function],
    "render": [Function],
    "simulateError": [Function],
    "simulateEvent": [Function],
    "unmount": [Function],
  },
  Symbol(enzyme.__node__): Object {
    "instance": null,
    "key": undefined,
    "nodeType": "host",
    "props": Object {
      "children": undefined,
      "className": "offers-container",
    },
    "ref": null,
    "rendered": null,
    "type": "div",
  },
  Symbol(enzyme.__nodes__): Array [
    Object {
      "instance": null,
      "key": undefined,
      "nodeType": "host",
      "props": Object {
        "children": undefined,
        "className": "offers-container",
      },
      "ref": null,
      "rendered": null,
      "type": "div",
    },
  ],
  Symbol(enzyme.__options__): Object {
    "adapter": ReactSixteenAdapter {
      "options": Object {
        "enableComponentDidUpdateOnSetState": true,
        "lifecycles": Object {
          "componentDidUpdate": Object {
            "onSetState": true,
          },
          "getDerivedStateFromProps": true,
          "getSnapshotBeforeUpdate": true,
          "setState": Object {
            "skipsComponentDidUpdateOnNullish": true,
          },
        },
      },
    },
  },
}
`;
