// Jest Snapshot v1, https://goo.gl/fbAQLP

exports[`Nav component should match the snapshot 1`] = `
ShallowWrapper {
  Symbol(enzyme.__root__): [Circular],
  Symbol(enzyme.__unrendered__): <Nav
    currentVenue={
        Object {
            "capacity": 1600,
            "city": "Denver",
            "id": 1,
            "name": "Ogden Theatre",
            "state": "CO",
            "street_address": "935 East Colfax Avenue",
            "zip": 80218,
          }
    }
/>,
  Symbol(enzyme.__renderer__): Object {
    "batchedUpdates": [Function],
    "getNode": [Function],
    "render": [Function],
    "simulateError": [Function],
    "simulateEvent": [Function],
    "unmount": [Function],
  },
  Symbol(enzyme.__node__): Object {
    "instance": null,
    "key": undefined,
    "nodeType": "host",
    "props": Object {
      "children": Array [
        <div
          className="logo-wrap"
>
          <img
                    alt="frequency-logo"
                    className="frequency"
                    src="frequency.svg"
          />
          <h1
                    className="logo"
          >
                    TalentBC
          </h1>
</div>,
        <section
          className="nav-link-wrapper"
>
          <NavLink
                    activeClassName="active"
                    aria-current="page"
                    className="nav-link"
                    to="/home"
          >
                    Home
          </NavLink>
          <NavLink
                    activeClassName="active"
                    aria-current="page"
                    className="nav-link"
                    to="/artists"
          >
                    Artists
          </NavLink>
</section>,
        <section
          className="venue-info"
>
          <header>
                    Current Venue
          </header>
          <div
                    className="venue-info-main"
          >
                    <p>
                              Ogden Theatre
                    </p>
                    <p>
                              935 East Colfax Avenue
                    </p>
                    <p>
                              Denver
                              , 
                              CO
                    </p>
                    <p>
                              Capacity: 
                              1600
                    </p>
          </div>
</section>,
      ],
      "className": "nav",
    },
    "ref": null,
    "rendered": Array [
      Object {
        "instance": null,
        "key": undefined,
        "nodeType": "host",
        "props": Object {
          "children": Array [
            <img
              alt="frequency-logo"
              className="frequency"
              src="frequency.svg"
/>,
            <h1
              className="logo"
>
              TalentBC
</h1>,
          ],
          "className": "logo-wrap",
        },
        "ref": null,
        "rendered": Array [
          Object {
            "instance": null,
            "key": undefined,
            "nodeType": "host",
            "props": Object {
              "alt": "frequency-logo",
              "className": "frequency",
              "src": "frequency.svg",
            },
            "ref": null,
            "rendered": null,
            "type": "img",
          },
          Object {
            "instance": null,
            "key": undefined,
            "nodeType": "host",
            "props": Object {
              "children": "TalentBC",
              "className": "logo",
            },
            "ref": null,
            "rendered": "TalentBC",
            "type": "h1",
          },
        ],
        "type": "div",
      },
      Object {
        "instance": null,
        "key": undefined,
        "nodeType": "host",
        "props": Object {
          "children": Array [
            <NavLink
              activeClassName="active"
              aria-current="page"
              className="nav-link"
              to="/home"
>
              Home
</NavLink>,
            <NavLink
              activeClassName="active"
              aria-current="page"
              className="nav-link"
              to="/artists"
>
              Artists
</NavLink>,
          ],
          "className": "nav-link-wrapper",
        },
        "ref": null,
        "rendered": Array [
          Object {
            "instance": null,
            "key": undefined,
            "nodeType": "function",
            "props": Object {
              "activeClassName": "active",
              "aria-current": "page",
              "children": "Home",
              "className": "nav-link",
              "to": "/home",
            },
            "ref": null,
            "rendered": "Home",
            "type": [Function],
          },
          Object {
            "instance": null,
            "key": undefined,
            "nodeType": "function",
            "props": Object {
              "activeClassName": "active",
              "aria-current": "page",
              "children": "Artists",
              "className": "nav-link",
              "to": "/artists",
            },
            "ref": null,
            "rendered": "Artists",
            "type": [Function],
          },
        ],
        "type": "section",
      },
      Object {
        "instance": null,
        "key": undefined,
        "nodeType": "host",
        "props": Object {
          "children": Array [
            <header>
              Current Venue
</header>,
            <div
              className="venue-info-main"
>
              <p>
                            Ogden Theatre
              </p>
              <p>
                            935 East Colfax Avenue
              </p>
              <p>
                            Denver
                            , 
                            CO
              </p>
              <p>
                            Capacity: 
                            1600
              </p>
</div>,
          ],
          "className": "venue-info",
        },
        "ref": null,
        "rendered": Array [
          Object {
            "instance": null,
            "key": undefined,
            "nodeType": "host",
            "props": Object {
              "children": "Current Venue",
            },
            "ref": null,
            "rendered": "Current Venue",
            "type": "header",
          },
          Object {
            "instance": null,
            "key": undefined,
            "nodeType": "host",
            "props": Object {
              "children": Array [
                <p>
                  Ogden Theatre
</p>,
                <p>
                  935 East Colfax Avenue
</p>,
                <p>
                  Denver
                  , 
                  CO
</p>,
                <p>
                  Capacity: 
                  1600
</p>,
              ],
              "className": "venue-info-main",
            },
            "ref": null,
            "rendered": Array [
              Object {
                "instance": null,
                "key": undefined,
                "nodeType": "host",
                "props": Object {
                  "children": "Ogden Theatre",
                },
                "ref": null,
                "rendered": "Ogden Theatre",
                "type": "p",
              },
              Object {
                "instance": null,
                "key": undefined,
                "nodeType": "host",
                "props": Object {
                  "children": "935 East Colfax Avenue",
                },
                "ref": null,
                "rendered": "935 East Colfax Avenue",
                "type": "p",
              },
              Object {
                "instance": null,
                "key": undefined,
                "nodeType": "host",
                "props": Object {
                  "children": Array [
                    "Denver",
                    ", ",
                    "CO",
                  ],
                },
                "ref": null,
                "rendered": Array [
                  "Denver",
                  ", ",
                  "CO",
                ],
                "type": "p",
              },
              Object {
                "instance": null,
                "key": undefined,
                "nodeType": "host",
                "props": Object {
                  "children": Array [
                    "Capacity: ",
                    1600,
                  ],
                },
                "ref": null,
                "rendered": Array [
                  "Capacity: ",
                  1600,
                ],
                "type": "p",
              },
            ],
            "type": "div",
          },
        ],
        "type": "section",
      },
    ],
    "type": "div",
  },
  Symbol(enzyme.__nodes__): Array [
    Object {
      "instance": null,
      "key": undefined,
      "nodeType": "host",
      "props": Object {
        "children": Array [
          <div
            className="logo-wrap"
>
            <img
                        alt="frequency-logo"
                        className="frequency"
                        src="frequency.svg"
            />
            <h1
                        className="logo"
            >
                        TalentBC
            </h1>
</div>,
          <section
            className="nav-link-wrapper"
>
            <NavLink
                        activeClassName="active"
                        aria-current="page"
                        className="nav-link"
                        to="/home"
            >
                        Home
            </NavLink>
            <NavLink
                        activeClassName="active"
                        aria-current="page"
                        className="nav-link"
                        to="/artists"
            >
                        Artists
            </NavLink>
</section>,
          <section
            className="venue-info"
>
            <header>
                        Current Venue
            </header>
            <div
                        className="venue-info-main"
            >
                        <p>
                                    Ogden Theatre
                        </p>
                        <p>
                                    935 East Colfax Avenue
                        </p>
                        <p>
                                    Denver
                                    , 
                                    CO
                        </p>
                        <p>
                                    Capacity: 
                                    1600
                        </p>
            </div>
</section>,
        ],
        "className": "nav",
      },
      "ref": null,
      "rendered": Array [
        Object {
          "instance": null,
          "key": undefined,
          "nodeType": "host",
          "props": Object {
            "children": Array [
              <img
                alt="frequency-logo"
                className="frequency"
                src="frequency.svg"
/>,
              <h1
                className="logo"
>
                TalentBC
</h1>,
            ],
            "className": "logo-wrap",
          },
          "ref": null,
          "rendered": Array [
            Object {
              "instance": null,
              "key": undefined,
              "nodeType": "host",
              "props": Object {
                "alt": "frequency-logo",
                "className": "frequency",
                "src": "frequency.svg",
              },
              "ref": null,
              "rendered": null,
              "type": "img",
            },
            Object {
              "instance": null,
              "key": undefined,
              "nodeType": "host",
              "props": Object {
                "children": "TalentBC",
                "className": "logo",
              },
              "ref": null,
              "rendered": "TalentBC",
              "type": "h1",
            },
          ],
          "type": "div",
        },
        Object {
          "instance": null,
          "key": undefined,
          "nodeType": "host",
          "props": Object {
            "children": Array [
              <NavLink
                activeClassName="active"
                aria-current="page"
                className="nav-link"
                to="/home"
>
                Home
</NavLink>,
              <NavLink
                activeClassName="active"
                aria-current="page"
                className="nav-link"
                to="/artists"
>
                Artists
</NavLink>,
            ],
            "className": "nav-link-wrapper",
          },
          "ref": null,
          "rendered": Array [
            Object {
              "instance": null,
              "key": undefined,
              "nodeType": "function",
              "props": Object {
                "activeClassName": "active",
                "aria-current": "page",
                "children": "Home",
                "className": "nav-link",
                "to": "/home",
              },
              "ref": null,
              "rendered": "Home",
              "type": [Function],
            },
            Object {
              "instance": null,
              "key": undefined,
              "nodeType": "function",
              "props": Object {
                "activeClassName": "active",
                "aria-current": "page",
                "children": "Artists",
                "className": "nav-link",
                "to": "/artists",
              },
              "ref": null,
              "rendered": "Artists",
              "type": [Function],
            },
          ],
          "type": "section",
        },
        Object {
          "instance": null,
          "key": undefined,
          "nodeType": "host",
          "props": Object {
            "children": Array [
              <header>
                Current Venue
</header>,
              <div
                className="venue-info-main"
>
                <p>
                                Ogden Theatre
                </p>
                <p>
                                935 East Colfax Avenue
                </p>
                <p>
                                Denver
                                , 
                                CO
                </p>
                <p>
                                Capacity: 
                                1600
                </p>
</div>,
            ],
            "className": "venue-info",
          },
          "ref": null,
          "rendered": Array [
            Object {
              "instance": null,
              "key": undefined,
              "nodeType": "host",
              "props": Object {
                "children": "Current Venue",
              },
              "ref": null,
              "rendered": "Current Venue",
              "type": "header",
            },
            Object {
              "instance": null,
              "key": undefined,
              "nodeType": "host",
              "props": Object {
                "children": Array [
                  <p>
                    Ogden Theatre
</p>,
                  <p>
                    935 East Colfax Avenue
</p>,
                  <p>
                    Denver
                    , 
                    CO
</p>,
                  <p>
                    Capacity: 
                    1600
</p>,
                ],
                "className": "venue-info-main",
              },
              "ref": null,
              "rendered": Array [
                Object {
                  "instance": null,
                  "key": undefined,
                  "nodeType": "host",
                  "props": Object {
                    "children": "Ogden Theatre",
                  },
                  "ref": null,
                  "rendered": "Ogden Theatre",
                  "type": "p",
                },
                Object {
                  "instance": null,
                  "key": undefined,
                  "nodeType": "host",
                  "props": Object {
                    "children": "935 East Colfax Avenue",
                  },
                  "ref": null,
                  "rendered": "935 East Colfax Avenue",
                  "type": "p",
                },
                Object {
                  "instance": null,
                  "key": undefined,
                  "nodeType": "host",
                  "props": Object {
                    "children": Array [
                      "Denver",
                      ", ",
                      "CO",
                    ],
                  },
                  "ref": null,
                  "rendered": Array [
                    "Denver",
                    ", ",
                    "CO",
                  ],
                  "type": "p",
                },
                Object {
                  "instance": null,
                  "key": undefined,
                  "nodeType": "host",
                  "props": Object {
                    "children": Array [
                      "Capacity: ",
                      1600,
                    ],
                  },
                  "ref": null,
                  "rendered": Array [
                    "Capacity: ",
                    1600,
                  ],
                  "type": "p",
                },
              ],
              "type": "div",
            },
          ],
          "type": "section",
        },
      ],
      "type": "div",
    },
  ],
  Symbol(enzyme.__options__): Object {
    "adapter": ReactSixteenAdapter {
      "options": Object {
        "enableComponentDidUpdateOnSetState": true,
        "lifecycles": Object {
          "componentDidUpdate": Object {
            "onSetState": true,
          },
          "getDerivedStateFromProps": true,
          "getSnapshotBeforeUpdate": true,
          "setState": Object {
            "skipsComponentDidUpdateOnNullish": true,
          },
        },
      },
    },
  },
}
`;
