// Jest Snapshot v1, https://goo.gl/fbAQLP

exports[`Dashboard component should match the snapshot 1`] = `
ShallowWrapper {
  Symbol(enzyme.__root__): [Circular],
  Symbol(enzyme.__unrendered__): <Dashboard />,
  Symbol(enzyme.__renderer__): Object {
    "batchedUpdates": [Function],
    "getNode": [Function],
    "render": [Function],
    "simulateError": [Function],
    "simulateEvent": [Function],
    "unmount": [Function],
  },
  Symbol(enzyme.__node__): Object {
    "instance": null,
    "key": undefined,
    "nodeType": "host",
    "props": Object {
      "children": Array [
        false,
        <Nav />,
        <div
          className="main-content"
>
          <div
                    className="dates"
          >
                    <Calendar
                              className="calendar"
                              maxDetail="month"
                              minDetail="century"
                              onChange={[Function]}
                              returnValue="start"
                              showNavigation={true}
                              showNeighboringMonth={true}
                              value={2018-10-28T18:28:04.451Z}
                              view="month"
                    />
                    <div
                              className="offers"
                    >
                              <button
                                        className="create-offer-button"
                                        onClick={[Function]}
                              >
                                        <i
                                                  className="fas fa-plus"
                                        />
                                        Create Offer
                              </button>
                              <div
                                        className="table-headings"
                              >
                                        <h3>
                                                  Day
                                        </h3>
                                        <h3>
                                                  Date
                                        </h3>
                                        <h3>
                                                  Artist
                                        </h3>
                                        <h3>
                                                  Status
                                        </h3>
                                        <h3>
                                                  Offer
                                        </h3>
                              </div>
                              <div
                                        className="table-row"
                              >
                                        <h3>
                                                  Sat
                                        </h3>
                                        <h3>
                                                  Dec 01 2018
                                        </h3>
                                        <h3>
                                                  Justice
                                        </h3>
                                        <h3>
                                                  Pending
                                        </h3>
                                        <button
                                                  className="view-offer-button"
                                        >
                                                  View Offer
                                        </button>
                              </div>
                    </div>
          </div>
          <div
                    className="recents"
          />
</div>,
      ],
      "className": "dashboard",
    },
    "ref": null,
    "rendered": Array [
      false,
      Object {
        "instance": null,
        "key": undefined,
        "nodeType": "class",
        "props": Object {},
        "ref": null,
        "rendered": null,
        "type": [Function],
      },
      Object {
        "instance": null,
        "key": undefined,
        "nodeType": "host",
        "props": Object {
          "children": Array [
            <div
              className="dates"
>
              <Calendar
                            className="calendar"
                            maxDetail="month"
                            minDetail="century"
                            onChange={[Function]}
                            returnValue="start"
                            showNavigation={true}
                            showNeighboringMonth={true}
                            value={2018-10-28T18:28:04.451Z}
                            view="month"
              />
              <div
                            className="offers"
              >
                            <button
                                          className="create-offer-button"
                                          onClick={[Function]}
                            >
                                          <i
                                                        className="fas fa-plus"
                                          />
                                          Create Offer
                            </button>
                            <div
                                          className="table-headings"
                            >
                                          <h3>
                                                        Day
                                          </h3>
                                          <h3>
                                                        Date
                                          </h3>
                                          <h3>
                                                        Artist
                                          </h3>
                                          <h3>
                                                        Status
                                          </h3>
                                          <h3>
                                                        Offer
                                          </h3>
                            </div>
                            <div
                                          className="table-row"
                            >
                                          <h3>
                                                        Sat
                                          </h3>
                                          <h3>
                                                        Dec 01 2018
                                          </h3>
                                          <h3>
                                                        Justice
                                          </h3>
                                          <h3>
                                                        Pending
                                          </h3>
                                          <button
                                                        className="view-offer-button"
                                          >
                                                        View Offer
                                          </button>
                            </div>
              </div>
</div>,
            <div
              className="recents"
/>,
          ],
          "className": "main-content",
        },
        "ref": null,
        "rendered": Array [
          Object {
            "instance": null,
            "key": undefined,
            "nodeType": "host",
            "props": Object {
              "children": Array [
                <Calendar
                  className="calendar"
                  maxDetail="month"
                  minDetail="century"
                  onChange={[Function]}
                  returnValue="start"
                  showNavigation={true}
                  showNeighboringMonth={true}
                  value={2018-10-28T18:28:04.451Z}
                  view="month"
/>,
                <div
                  className="offers"
>
                  <button
                                    className="create-offer-button"
                                    onClick={[Function]}
                  >
                                    <i
                                                      className="fas fa-plus"
                                    />
                                    Create Offer
                  </button>
                  <div
                                    className="table-headings"
                  >
                                    <h3>
                                                      Day
                                    </h3>
                                    <h3>
                                                      Date
                                    </h3>
                                    <h3>
                                                      Artist
                                    </h3>
                                    <h3>
                                                      Status
                                    </h3>
                                    <h3>
                                                      Offer
                                    </h3>
                  </div>
                  <div
                                    className="table-row"
                  >
                                    <h3>
                                                      Sat
                                    </h3>
                                    <h3>
                                                      Dec 01 2018
                                    </h3>
                                    <h3>
                                                      Justice
                                    </h3>
                                    <h3>
                                                      Pending
                                    </h3>
                                    <button
                                                      className="view-offer-button"
                                    >
                                                      View Offer
                                    </button>
                  </div>
</div>,
              ],
              "className": "dates",
            },
            "ref": null,
            "rendered": Array [
              Object {
                "instance": null,
                "key": undefined,
                "nodeType": "class",
                "props": Object {
                  "className": "calendar",
                  "maxDetail": "month",
                  "minDetail": "century",
                  "onChange": [Function],
                  "returnValue": "start",
                  "showNavigation": true,
                  "showNeighboringMonth": true,
                  "value": 2018-10-28T18:28:04.451Z,
                  "view": "month",
                },
                "ref": null,
                "rendered": null,
                "type": [Function],
              },
              Object {
                "instance": null,
                "key": undefined,
                "nodeType": "host",
                "props": Object {
                  "children": Array [
                    <button
                      className="create-offer-button"
                      onClick={[Function]}
>
                      <i
                                            className="fas fa-plus"
                      />
                      Create Offer
</button>,
                    <div
                      className="table-headings"
>
                      <h3>
                                            Day
                      </h3>
                      <h3>
                                            Date
                      </h3>
                      <h3>
                                            Artist
                      </h3>
                      <h3>
                                            Status
                      </h3>
                      <h3>
                                            Offer
                      </h3>
</div>,
                    <div
                      className="table-row"
>
                      <h3>
                                            Sat
                      </h3>
                      <h3>
                                            Dec 01 2018
                      </h3>
                      <h3>
                                            Justice
                      </h3>
                      <h3>
                                            Pending
                      </h3>
                      <button
                                            className="view-offer-button"
                      >
                                            View Offer
                      </button>
</div>,
                  ],
                  "className": "offers",
                },
                "ref": null,
                "rendered": Array [
                  Object {
                    "instance": null,
                    "key": undefined,
                    "nodeType": "host",
                    "props": Object {
                      "children": Array [
                        <i
                          className="fas fa-plus"
/>,
                        "Create Offer",
                      ],
                      "className": "create-offer-button",
                      "onClick": [Function],
                    },
                    "ref": null,
                    "rendered": Array [
                      Object {
                        "instance": null,
                        "key": undefined,
                        "nodeType": "host",
                        "props": Object {
                          "className": "fas fa-plus",
                        },
                        "ref": null,
                        "rendered": null,
                        "type": "i",
                      },
                      "Create Offer",
                    ],
                    "type": "button",
                  },
                  Object {
                    "instance": null,
                    "key": undefined,
                    "nodeType": "host",
                    "props": Object {
                      "children": Array [
                        <h3>
                          Day
</h3>,
                        <h3>
                          Date
</h3>,
                        <h3>
                          Artist
</h3>,
                        <h3>
                          Status
</h3>,
                        <h3>
                          Offer
</h3>,
                      ],
                      "className": "table-headings",
                    },
                    "ref": null,
                    "rendered": Array [
                      Object {
                        "instance": null,
                        "key": undefined,
                        "nodeType": "host",
                        "props": Object {
                          "children": "Day",
                        },
                        "ref": null,
                        "rendered": "Day",
                        "type": "h3",
                      },
                      Object {
                        "instance": null,
                        "key": undefined,
                        "nodeType": "host",
                        "props": Object {
                          "children": "Date",
                        },
                        "ref": null,
                        "rendered": "Date",
                        "type": "h3",
                      },
                      Object {
                        "instance": null,
                        "key": undefined,
                        "nodeType": "host",
                        "props": Object {
                          "children": "Artist",
                        },
                        "ref": null,
                        "rendered": "Artist",
                        "type": "h3",
                      },
                      Object {
                        "instance": null,
                        "key": undefined,
                        "nodeType": "host",
                        "props": Object {
                          "children": "Status",
                        },
                        "ref": null,
                        "rendered": "Status",
                        "type": "h3",
                      },
                      Object {
                        "instance": null,
                        "key": undefined,
                        "nodeType": "host",
                        "props": Object {
                          "children": "Offer",
                        },
                        "ref": null,
                        "rendered": "Offer",
                        "type": "h3",
                      },
                    ],
                    "type": "div",
                  },
                  Object {
                    "instance": null,
                    "key": undefined,
                    "nodeType": "host",
                    "props": Object {
                      "children": Array [
                        <h3>
                          Sat
</h3>,
                        <h3>
                          Dec 01 2018
</h3>,
                        <h3>
                          Justice
</h3>,
                        <h3>
                          Pending
</h3>,
                        <button
                          className="view-offer-button"
>
                          View Offer
</button>,
                      ],
                      "className": "table-row",
                    },
                    "ref": null,
                    "rendered": Array [
                      Object {
                        "instance": null,
                        "key": undefined,
                        "nodeType": "host",
                        "props": Object {
                          "children": "Sat",
                        },
                        "ref": null,
                        "rendered": "Sat",
                        "type": "h3",
                      },
                      Object {
                        "instance": null,
                        "key": undefined,
                        "nodeType": "host",
                        "props": Object {
                          "children": "Dec 01 2018",
                        },
                        "ref": null,
                        "rendered": "Dec 01 2018",
                        "type": "h3",
                      },
                      Object {
                        "instance": null,
                        "key": undefined,
                        "nodeType": "host",
                        "props": Object {
                          "children": "Justice",
                        },
                        "ref": null,
                        "rendered": "Justice",
                        "type": "h3",
                      },
                      Object {
                        "instance": null,
                        "key": undefined,
                        "nodeType": "host",
                        "props": Object {
                          "children": "Pending",
                        },
                        "ref": null,
                        "rendered": "Pending",
                        "type": "h3",
                      },
                      Object {
                        "instance": null,
                        "key": undefined,
                        "nodeType": "host",
                        "props": Object {
                          "children": "View Offer",
                          "className": "view-offer-button",
                        },
                        "ref": null,
                        "rendered": "View Offer",
                        "type": "button",
                      },
                    ],
                    "type": "div",
                  },
                ],
                "type": "div",
              },
            ],
            "type": "div",
          },
          Object {
            "instance": null,
            "key": undefined,
            "nodeType": "host",
            "props": Object {
              "className": "recents",
            },
            "ref": null,
            "rendered": null,
            "type": "div",
          },
        ],
        "type": "div",
      },
    ],
    "type": "div",
  },
  Symbol(enzyme.__nodes__): Array [
    Object {
      "instance": null,
      "key": undefined,
      "nodeType": "host",
      "props": Object {
        "children": Array [
          false,
          <Nav />,
          <div
            className="main-content"
>
            <div
                        className="dates"
            >
                        <Calendar
                                    className="calendar"
                                    maxDetail="month"
                                    minDetail="century"
                                    onChange={[Function]}
                                    returnValue="start"
                                    showNavigation={true}
                                    showNeighboringMonth={true}
                                    value={2018-10-28T18:28:04.451Z}
                                    view="month"
                        />
                        <div
                                    className="offers"
                        >
                                    <button
                                                className="create-offer-button"
                                                onClick={[Function]}
                                    >
                                                <i
                                                            className="fas fa-plus"
                                                />
                                                Create Offer
                                    </button>
                                    <div
                                                className="table-headings"
                                    >
                                                <h3>
                                                            Day
                                                </h3>
                                                <h3>
                                                            Date
                                                </h3>
                                                <h3>
                                                            Artist
                                                </h3>
                                                <h3>
                                                            Status
                                                </h3>
                                                <h3>
                                                            Offer
                                                </h3>
                                    </div>
                                    <div
                                                className="table-row"
                                    >
                                                <h3>
                                                            Sat
                                                </h3>
                                                <h3>
                                                            Dec 01 2018
                                                </h3>
                                                <h3>
                                                            Justice
                                                </h3>
                                                <h3>
                                                            Pending
                                                </h3>
                                                <button
                                                            className="view-offer-button"
                                                >
                                                            View Offer
                                                </button>
                                    </div>
                        </div>
            </div>
            <div
                        className="recents"
            />
</div>,
        ],
        "className": "dashboard",
      },
      "ref": null,
      "rendered": Array [
        false,
        Object {
          "instance": null,
          "key": undefined,
          "nodeType": "class",
          "props": Object {},
          "ref": null,
          "rendered": null,
          "type": [Function],
        },
        Object {
          "instance": null,
          "key": undefined,
          "nodeType": "host",
          "props": Object {
            "children": Array [
              <div
                className="dates"
>
                <Calendar
                                className="calendar"
                                maxDetail="month"
                                minDetail="century"
                                onChange={[Function]}
                                returnValue="start"
                                showNavigation={true}
                                showNeighboringMonth={true}
                                value={2018-10-28T18:28:04.451Z}
                                view="month"
                />
                <div
                                className="offers"
                >
                                <button
                                                className="create-offer-button"
                                                onClick={[Function]}
                                >
                                                <i
                                                                className="fas fa-plus"
                                                />
                                                Create Offer
                                </button>
                                <div
                                                className="table-headings"
                                >
                                                <h3>
                                                                Day
                                                </h3>
                                                <h3>
                                                                Date
                                                </h3>
                                                <h3>
                                                                Artist
                                                </h3>
                                                <h3>
                                                                Status
                                                </h3>
                                                <h3>
                                                                Offer
                                                </h3>
                                </div>
                                <div
                                                className="table-row"
                                >
                                                <h3>
                                                                Sat
                                                </h3>
                                                <h3>
                                                                Dec 01 2018
                                                </h3>
                                                <h3>
                                                                Justice
                                                </h3>
                                                <h3>
                                                                Pending
                                                </h3>
                                                <button
                                                                className="view-offer-button"
                                                >
                                                                View Offer
                                                </button>
                                </div>
                </div>
</div>,
              <div
                className="recents"
/>,
            ],
            "className": "main-content",
          },
          "ref": null,
          "rendered": Array [
            Object {
              "instance": null,
              "key": undefined,
              "nodeType": "host",
              "props": Object {
                "children": Array [
                  <Calendar
                    className="calendar"
                    maxDetail="month"
                    minDetail="century"
                    onChange={[Function]}
                    returnValue="start"
                    showNavigation={true}
                    showNeighboringMonth={true}
                    value={2018-10-28T18:28:04.451Z}
                    view="month"
/>,
                  <div
                    className="offers"
>
                    <button
                                        className="create-offer-button"
                                        onClick={[Function]}
                    >
                                        <i
                                                            className="fas fa-plus"
                                        />
                                        Create Offer
                    </button>
                    <div
                                        className="table-headings"
                    >
                                        <h3>
                                                            Day
                                        </h3>
                                        <h3>
                                                            Date
                                        </h3>
                                        <h3>
                                                            Artist
                                        </h3>
                                        <h3>
                                                            Status
                                        </h3>
                                        <h3>
                                                            Offer
                                        </h3>
                    </div>
                    <div
                                        className="table-row"
                    >
                                        <h3>
                                                            Sat
                                        </h3>
                                        <h3>
                                                            Dec 01 2018
                                        </h3>
                                        <h3>
                                                            Justice
                                        </h3>
                                        <h3>
                                                            Pending
                                        </h3>
                                        <button
                                                            className="view-offer-button"
                                        >
                                                            View Offer
                                        </button>
                    </div>
</div>,
                ],
                "className": "dates",
              },
              "ref": null,
              "rendered": Array [
                Object {
                  "instance": null,
                  "key": undefined,
                  "nodeType": "class",
                  "props": Object {
                    "className": "calendar",
                    "maxDetail": "month",
                    "minDetail": "century",
                    "onChange": [Function],
                    "returnValue": "start",
                    "showNavigation": true,
                    "showNeighboringMonth": true,
                    "value": 2018-10-28T18:28:04.451Z,
                    "view": "month",
                  },
                  "ref": null,
                  "rendered": null,
                  "type": [Function],
                },
                Object {
                  "instance": null,
                  "key": undefined,
                  "nodeType": "host",
                  "props": Object {
                    "children": Array [
                      <button
                        className="create-offer-button"
                        onClick={[Function]}
>
                        <i
                                                className="fas fa-plus"
                        />
                        Create Offer
</button>,
                      <div
                        className="table-headings"
>
                        <h3>
                                                Day
                        </h3>
                        <h3>
                                                Date
                        </h3>
                        <h3>
                                                Artist
                        </h3>
                        <h3>
                                                Status
                        </h3>
                        <h3>
                                                Offer
                        </h3>
</div>,
                      <div
                        className="table-row"
>
                        <h3>
                                                Sat
                        </h3>
                        <h3>
                                                Dec 01 2018
                        </h3>
                        <h3>
                                                Justice
                        </h3>
                        <h3>
                                                Pending
                        </h3>
                        <button
                                                className="view-offer-button"
                        >
                                                View Offer
                        </button>
</div>,
                    ],
                    "className": "offers",
                  },
                  "ref": null,
                  "rendered": Array [
                    Object {
                      "instance": null,
                      "key": undefined,
                      "nodeType": "host",
                      "props": Object {
                        "children": Array [
                          <i
                            className="fas fa-plus"
/>,
                          "Create Offer",
                        ],
                        "className": "create-offer-button",
                        "onClick": [Function],
                      },
                      "ref": null,
                      "rendered": Array [
                        Object {
                          "instance": null,
                          "key": undefined,
                          "nodeType": "host",
                          "props": Object {
                            "className": "fas fa-plus",
                          },
                          "ref": null,
                          "rendered": null,
                          "type": "i",
                        },
                        "Create Offer",
                      ],
                      "type": "button",
                    },
                    Object {
                      "instance": null,
                      "key": undefined,
                      "nodeType": "host",
                      "props": Object {
                        "children": Array [
                          <h3>
                            Day
</h3>,
                          <h3>
                            Date
</h3>,
                          <h3>
                            Artist
</h3>,
                          <h3>
                            Status
</h3>,
                          <h3>
                            Offer
</h3>,
                        ],
                        "className": "table-headings",
                      },
                      "ref": null,
                      "rendered": Array [
                        Object {
                          "instance": null,
                          "key": undefined,
                          "nodeType": "host",
                          "props": Object {
                            "children": "Day",
                          },
                          "ref": null,
                          "rendered": "Day",
                          "type": "h3",
                        },
                        Object {
                          "instance": null,
                          "key": undefined,
                          "nodeType": "host",
                          "props": Object {
                            "children": "Date",
                          },
                          "ref": null,
                          "rendered": "Date",
                          "type": "h3",
                        },
                        Object {
                          "instance": null,
                          "key": undefined,
                          "nodeType": "host",
                          "props": Object {
                            "children": "Artist",
                          },
                          "ref": null,
                          "rendered": "Artist",
                          "type": "h3",
                        },
                        Object {
                          "instance": null,
                          "key": undefined,
                          "nodeType": "host",
                          "props": Object {
                            "children": "Status",
                          },
                          "ref": null,
                          "rendered": "Status",
                          "type": "h3",
                        },
                        Object {
                          "instance": null,
                          "key": undefined,
                          "nodeType": "host",
                          "props": Object {
                            "children": "Offer",
                          },
                          "ref": null,
                          "rendered": "Offer",
                          "type": "h3",
                        },
                      ],
                      "type": "div",
                    },
                    Object {
                      "instance": null,
                      "key": undefined,
                      "nodeType": "host",
                      "props": Object {
                        "children": Array [
                          <h3>
                            Sat
</h3>,
                          <h3>
                            Dec 01 2018
</h3>,
                          <h3>
                            Justice
</h3>,
                          <h3>
                            Pending
</h3>,
                          <button
                            className="view-offer-button"
>
                            View Offer
</button>,
                        ],
                        "className": "table-row",
                      },
                      "ref": null,
                      "rendered": Array [
                        Object {
                          "instance": null,
                          "key": undefined,
                          "nodeType": "host",
                          "props": Object {
                            "children": "Sat",
                          },
                          "ref": null,
                          "rendered": "Sat",
                          "type": "h3",
                        },
                        Object {
                          "instance": null,
                          "key": undefined,
                          "nodeType": "host",
                          "props": Object {
                            "children": "Dec 01 2018",
                          },
                          "ref": null,
                          "rendered": "Dec 01 2018",
                          "type": "h3",
                        },
                        Object {
                          "instance": null,
                          "key": undefined,
                          "nodeType": "host",
                          "props": Object {
                            "children": "Justice",
                          },
                          "ref": null,
                          "rendered": "Justice",
                          "type": "h3",
                        },
                        Object {
                          "instance": null,
                          "key": undefined,
                          "nodeType": "host",
                          "props": Object {
                            "children": "Pending",
                          },
                          "ref": null,
                          "rendered": "Pending",
                          "type": "h3",
                        },
                        Object {
                          "instance": null,
                          "key": undefined,
                          "nodeType": "host",
                          "props": Object {
                            "children": "View Offer",
                            "className": "view-offer-button",
                          },
                          "ref": null,
                          "rendered": "View Offer",
                          "type": "button",
                        },
                      ],
                      "type": "div",
                    },
                  ],
                  "type": "div",
                },
              ],
              "type": "div",
            },
            Object {
              "instance": null,
              "key": undefined,
              "nodeType": "host",
              "props": Object {
                "className": "recents",
              },
              "ref": null,
              "rendered": null,
              "type": "div",
            },
          ],
          "type": "div",
        },
      ],
      "type": "div",
    },
  ],
  Symbol(enzyme.__options__): Object {
    "adapter": ReactSixteenAdapter {
      "options": Object {
        "enableComponentDidUpdateOnSetState": true,
        "lifecycles": Object {
          "componentDidUpdate": Object {
            "onSetState": true,
          },
          "getDerivedStateFromProps": true,
          "getSnapshotBeforeUpdate": true,
          "setState": Object {
            "skipsComponentDidUpdateOnNullish": true,
          },
        },
      },
    },
  },
}
`;
