// Jest Snapshot v1, https://goo.gl/fbAQLP

exports[`ArtistShow component should match the snapshot 1`] = `
ShallowWrapper {
  Symbol(enzyme.__root__): [Circular],
  Symbol(enzyme.__unrendered__): <ArtistShow
    id={4}
/>,
  Symbol(enzyme.__renderer__): Object {
    "batchedUpdates": [Function],
    "getNode": [Function],
    "render": [Function],
    "simulateError": [Function],
    "simulateEvent": [Function],
    "unmount": [Function],
  },
  Symbol(enzyme.__node__): Object {
    "instance": null,
    "key": undefined,
    "nodeType": "host",
    "props": Object {
      "children": Array [
        <Connect(Nav) />,
        <div
          className="main-content-frame"
>
          <div
                    className="main-content"
          >
                    <div
                              className="portrait-wrap"
                    >
                              <div
                                        className="profile-frame"
                              >
                                        <img
                                                  alt="artist-profile"
                                                  className="profile-image"
                                                  src=""
                                        />
                              </div>
                              <div
                                        className="stat-wrap"
                              >
                                        <span
                                                  className="name-wrap"
                                        >
                                                  <h1
                                                            className="artist-name"
                                                  />
                                                  <span
                                                            className="button-wrap"
                                                  >
                                                            <a
                                                                      href=""
                                                                      target="_blank"
                                                            >
                                                                      <img
                                                                                alt="spotify"
                                                                                className="spotify-icon button"
                                                                                src="Spotify_Icon_RGB_White.png"
                                                                      />
                                                            </a>
                                                            <Link
                                                                      replace={false}
                                                                      to="/artists"
                                                            >
                                                                      <img
                                                                                alt="back"
                                                                                className="back-button button"
                                                                                src="back.svg"
                                                                      />
                                                            </Link>
                                                  </span>
                                        </span>
                                        <span
                                                  className="followers-wrap"
                                        >
                                                  <h3>
                                                            Spotify Followers:
                                                  </h3>
                                                  <p
                                                            className="followers"
                                                  />
                                        </span>
                                        <span
                                                  className="genre-wrap"
                                        >
                                                  <h3
                                                            className="genres"
                                                  >
                                                            Genres:
                                                  </h3>
                                        </span>
                              </div>
                    </div>
                    <p
                              className="bio"
                    />
                    <span
                              className="similar-wrap"
                    >
                              <h3
                                        className="similar-artists"
                              >
                                        Similar Artists:
                              </h3>
                    </span>
                    <div
                              className="past-events"
                    >
                              <div
                                        className="watchlist"
                              >
                                        <h3>
                                                  Latest Appearances In
                                                  <span
                                                            className="city-header"
                                                  />
                                        </h3>
                                        <div
                                                  className="recent-table-headings"
                                        >
                                                  <h4
                                                            className="event-header"
                                                  >
                                                            Date
                                                  </h4>
                                                  <h4
                                                            className="event-header"
                                                  >
                                                            Venue
                                                  </h4>
                                                  <h4
                                                            className="event-header"
                                                  >
                                                            Billing
                                                  </h4>
                                        </div>
                                        <div
                                                  className="event-container"
                                        />
                              </div>
                    </div>
          </div>
</div>,
      ],
      "className": "artist-show",
    },
    "ref": null,
    "rendered": Array [
      Object {
        "instance": null,
        "key": undefined,
        "nodeType": "class",
        "props": Object {},
        "ref": null,
        "rendered": null,
        "type": [Function],
      },
      Object {
        "instance": null,
        "key": undefined,
        "nodeType": "host",
        "props": Object {
          "children": <div
            className="main-content"
>
            <div
                        className="portrait-wrap"
            >
                        <div
                                    className="profile-frame"
                        >
                                    <img
                                                alt="artist-profile"
                                                className="profile-image"
                                                src=""
                                    />
                        </div>
                        <div
                                    className="stat-wrap"
                        >
                                    <span
                                                className="name-wrap"
                                    >
                                                <h1
                                                            className="artist-name"
                                                />
                                                <span
                                                            className="button-wrap"
                                                >
                                                            <a
                                                                        href=""
                                                                        target="_blank"
                                                            >
                                                                        <img
                                                                                    alt="spotify"
                                                                                    className="spotify-icon button"
                                                                                    src="Spotify_Icon_RGB_White.png"
                                                                        />
                                                            </a>
                                                            <Link
                                                                        replace={false}
                                                                        to="/artists"
                                                            >
                                                                        <img
                                                                                    alt="back"
                                                                                    className="back-button button"
                                                                                    src="back.svg"
                                                                        />
                                                            </Link>
                                                </span>
                                    </span>
                                    <span
                                                className="followers-wrap"
                                    >
                                                <h3>
                                                            Spotify Followers:
                                                </h3>
                                                <p
                                                            className="followers"
                                                />
                                    </span>
                                    <span
                                                className="genre-wrap"
                                    >
                                                <h3
                                                            className="genres"
                                                >
                                                            Genres:
                                                </h3>
                                    </span>
                        </div>
            </div>
            <p
                        className="bio"
            />
            <span
                        className="similar-wrap"
            >
                        <h3
                                    className="similar-artists"
                        >
                                    Similar Artists:
                        </h3>
            </span>
            <div
                        className="past-events"
            >
                        <div
                                    className="watchlist"
                        >
                                    <h3>
                                                Latest Appearances In
                                                <span
                                                            className="city-header"
                                                />
                                    </h3>
                                    <div
                                                className="recent-table-headings"
                                    >
                                                <h4
                                                            className="event-header"
                                                >
                                                            Date
                                                </h4>
                                                <h4
                                                            className="event-header"
                                                >
                                                            Venue
                                                </h4>
                                                <h4
                                                            className="event-header"
                                                >
                                                            Billing
                                                </h4>
                                    </div>
                                    <div
                                                className="event-container"
                                    />
                        </div>
            </div>
</div>,
          "className": "main-content-frame",
        },
        "ref": null,
        "rendered": Object {
          "instance": null,
          "key": undefined,
          "nodeType": "host",
          "props": Object {
            "children": Array [
              <div
                className="portrait-wrap"
>
                <div
                                className="profile-frame"
                >
                                <img
                                                alt="artist-profile"
                                                className="profile-image"
                                                src=""
                                />
                </div>
                <div
                                className="stat-wrap"
                >
                                <span
                                                className="name-wrap"
                                >
                                                <h1
                                                                className="artist-name"
                                                />
                                                <span
                                                                className="button-wrap"
                                                >
                                                                <a
                                                                                href=""
                                                                                target="_blank"
                                                                >
                                                                                <img
                                                                                                alt="spotify"
                                                                                                className="spotify-icon button"
                                                                                                src="Spotify_Icon_RGB_White.png"
                                                                                />
                                                                </a>
                                                                <Link
                                                                                replace={false}
                                                                                to="/artists"
                                                                >
                                                                                <img
                                                                                                alt="back"
                                                                                                className="back-button button"
                                                                                                src="back.svg"
                                                                                />
                                                                </Link>
                                                </span>
                                </span>
                                <span
                                                className="followers-wrap"
                                >
                                                <h3>
                                                                Spotify Followers:
                                                </h3>
                                                <p
                                                                className="followers"
                                                />
                                </span>
                                <span
                                                className="genre-wrap"
                                >
                                                <h3
                                                                className="genres"
                                                >
                                                                Genres:
                                                </h3>
                                </span>
                </div>
</div>,
              <p
                className="bio"
/>,
              <span
                className="similar-wrap"
>
                <h3
                                className="similar-artists"
                >
                                Similar Artists:
                </h3>
</span>,
              <div
                className="past-events"
>
                <div
                                className="watchlist"
                >
                                <h3>
                                                Latest Appearances In
                                                <span
                                                                className="city-header"
                                                />
                                </h3>
                                <div
                                                className="recent-table-headings"
                                >
                                                <h4
                                                                className="event-header"
                                                >
                                                                Date
                                                </h4>
                                                <h4
                                                                className="event-header"
                                                >
                                                                Venue
                                                </h4>
                                                <h4
                                                                className="event-header"
                                                >
                                                                Billing
                                                </h4>
                                </div>
                                <div
                                                className="event-container"
                                />
                </div>
</div>,
            ],
            "className": "main-content",
          },
          "ref": null,
          "rendered": Array [
            Object {
              "instance": null,
              "key": undefined,
              "nodeType": "host",
              "props": Object {
                "children": Array [
                  <div
                    className="profile-frame"
>
                    <img
                                        alt="artist-profile"
                                        className="profile-image"
                                        src=""
                    />
</div>,
                  <div
                    className="stat-wrap"
>
                    <span
                                        className="name-wrap"
                    >
                                        <h1
                                                            className="artist-name"
                                        />
                                        <span
                                                            className="button-wrap"
                                        >
                                                            <a
                                                                                href=""
                                                                                target="_blank"
                                                            >
                                                                                <img
                                                                                                    alt="spotify"
                                                                                                    className="spotify-icon button"
                                                                                                    src="Spotify_Icon_RGB_White.png"
                                                                                />
                                                            </a>
                                                            <Link
                                                                                replace={false}
                                                                                to="/artists"
                                                            >
                                                                                <img
                                                                                                    alt="back"
                                                                                                    className="back-button button"
                                                                                                    src="back.svg"
                                                                                />
                                                            </Link>
                                        </span>
                    </span>
                    <span
                                        className="followers-wrap"
                    >
                                        <h3>
                                                            Spotify Followers:
                                        </h3>
                                        <p
                                                            className="followers"
                                        />
                    </span>
                    <span
                                        className="genre-wrap"
                    >
                                        <h3
                                                            className="genres"
                                        >
                                                            Genres:
                                        </h3>
                    </span>
</div>,
                ],
                "className": "portrait-wrap",
              },
              "ref": null,
              "rendered": Array [
                Object {
                  "instance": null,
                  "key": undefined,
                  "nodeType": "host",
                  "props": Object {
                    "children": <img
                      alt="artist-profile"
                      className="profile-image"
                      src=""
/>,
                    "className": "profile-frame",
                  },
                  "ref": null,
                  "rendered": Object {
                    "instance": null,
                    "key": undefined,
                    "nodeType": "host",
                    "props": Object {
                      "alt": "artist-profile",
                      "className": "profile-image",
                      "src": "",
                    },
                    "ref": null,
                    "rendered": null,
                    "type": "img",
                  },
                  "type": "div",
                },
                Object {
                  "instance": null,
                  "key": undefined,
                  "nodeType": "host",
                  "props": Object {
                    "children": Array [
                      <span
                        className="name-wrap"
>
                        <h1
                                                className="artist-name"
                        />
                        <span
                                                className="button-wrap"
                        >
                                                <a
                                                                        href=""
                                                                        target="_blank"
                                                >
                                                                        <img
                                                                                                alt="spotify"
                                                                                                className="spotify-icon button"
                                                                                                src="Spotify_Icon_RGB_White.png"
                                                                        />
                                                </a>
                                                <Link
                                                                        replace={false}
                                                                        to="/artists"
                                                >
                                                                        <img
                                                                                                alt="back"
                                                                                                className="back-button button"
                                                                                                src="back.svg"
                                                                        />
                                                </Link>
                        </span>
</span>,
                      <span
                        className="followers-wrap"
>
                        <h3>
                                                Spotify Followers:
                        </h3>
                        <p
                                                className="followers"
                        />
</span>,
                      <span
                        className="genre-wrap"
>
                        <h3
                                                className="genres"
                        >
                                                Genres:
                        </h3>
</span>,
                    ],
                    "className": "stat-wrap",
                  },
                  "ref": null,
                  "rendered": Array [
                    Object {
                      "instance": null,
                      "key": undefined,
                      "nodeType": "host",
                      "props": Object {
                        "children": Array [
                          <h1
                            className="artist-name"
/>,
                          <span
                            className="button-wrap"
>
                            <a
                                                        href=""
                                                        target="_blank"
                            >
                                                        <img
                                                                                    alt="spotify"
                                                                                    className="spotify-icon button"
                                                                                    src="Spotify_Icon_RGB_White.png"
                                                        />
                            </a>
                            <Link
                                                        replace={false}
                                                        to="/artists"
                            >
                                                        <img
                                                                                    alt="back"
                                                                                    className="back-button button"
                                                                                    src="back.svg"
                                                        />
                            </Link>
</span>,
                        ],
                        "className": "name-wrap",
                      },
                      "ref": null,
                      "rendered": Array [
                        Object {
                          "instance": null,
                          "key": undefined,
                          "nodeType": "host",
                          "props": Object {
                            "children": "",
                            "className": "artist-name",
                          },
                          "ref": null,
                          "rendered": "",
                          "type": "h1",
                        },
                        Object {
                          "instance": null,
                          "key": undefined,
                          "nodeType": "host",
                          "props": Object {
                            "children": Array [
                              <a
                                href=""
                                target="_blank"
>
                                <img
                                                                alt="spotify"
                                                                className="spotify-icon button"
                                                                src="Spotify_Icon_RGB_White.png"
                                />
</a>,
                              <Link
                                replace={false}
                                to="/artists"
>
                                <img
                                                                alt="back"
                                                                className="back-button button"
                                                                src="back.svg"
                                />
</Link>,
                            ],
                            "className": "button-wrap",
                          },
                          "ref": null,
                          "rendered": Array [
                            Object {
                              "instance": null,
                              "key": undefined,
                              "nodeType": "host",
                              "props": Object {
                                "children": <img
                                  alt="spotify"
                                  className="spotify-icon button"
                                  src="Spotify_Icon_RGB_White.png"
/>,
                                "href": "",
                                "target": "_blank",
                              },
                              "ref": null,
                              "rendered": Object {
                                "instance": null,
                                "key": undefined,
                                "nodeType": "host",
                                "props": Object {
                                  "alt": "spotify",
                                  "className": "spotify-icon button",
                                  "src": "Spotify_Icon_RGB_White.png",
                                },
                                "ref": null,
                                "rendered": null,
                                "type": "img",
                              },
                              "type": "a",
                            },
                            Object {
                              "instance": null,
                              "key": undefined,
                              "nodeType": "class",
                              "props": Object {
                                "children": <img
                                  alt="back"
                                  className="back-button button"
                                  src="back.svg"
/>,
                                "replace": false,
                                "to": "/artists",
                              },
                              "ref": null,
                              "rendered": Object {
                                "instance": null,
                                "key": undefined,
                                "nodeType": "host",
                                "props": Object {
                                  "alt": "back",
                                  "className": "back-button button",
                                  "src": "back.svg",
                                },
                                "ref": null,
                                "rendered": null,
                                "type": "img",
                              },
                              "type": [Function],
                            },
                          ],
                          "type": "span",
                        },
                      ],
                      "type": "span",
                    },
                    Object {
                      "instance": null,
                      "key": undefined,
                      "nodeType": "host",
                      "props": Object {
                        "children": Array [
                          <h3>
                            Spotify Followers:
</h3>,
                          <p
                            className="followers"
/>,
                        ],
                        "className": "followers-wrap",
                      },
                      "ref": null,
                      "rendered": Array [
                        Object {
                          "instance": null,
                          "key": undefined,
                          "nodeType": "host",
                          "props": Object {
                            "children": "Spotify Followers:",
                          },
                          "ref": null,
                          "rendered": "Spotify Followers:",
                          "type": "h3",
                        },
                        Object {
                          "instance": null,
                          "key": undefined,
                          "nodeType": "host",
                          "props": Object {
                            "children": undefined,
                            "className": "followers",
                          },
                          "ref": null,
                          "rendered": null,
                          "type": "p",
                        },
                      ],
                      "type": "span",
                    },
                    Object {
                      "instance": null,
                      "key": undefined,
                      "nodeType": "host",
                      "props": Object {
                        "children": Array [
                          <h3
                            className="genres"
>
                            Genres:
</h3>,
                          Array [],
                        ],
                        "className": "genre-wrap",
                      },
                      "ref": null,
                      "rendered": Array [
                        Object {
                          "instance": null,
                          "key": undefined,
                          "nodeType": "host",
                          "props": Object {
                            "children": "Genres:",
                            "className": "genres",
                          },
                          "ref": null,
                          "rendered": "Genres:",
                          "type": "h3",
                        },
                      ],
                      "type": "span",
                    },
                  ],
                  "type": "div",
                },
              ],
              "type": "div",
            },
            Object {
              "instance": null,
              "key": undefined,
              "nodeType": "host",
              "props": Object {
                "children": "",
                "className": "bio",
              },
              "ref": null,
              "rendered": "",
              "type": "p",
            },
            Object {
              "instance": null,
              "key": undefined,
              "nodeType": "host",
              "props": Object {
                "children": Array [
                  <h3
                    className="similar-artists"
>
                    Similar Artists:
</h3>,
                  Array [],
                ],
                "className": "similar-wrap",
              },
              "ref": null,
              "rendered": Array [
                Object {
                  "instance": null,
                  "key": undefined,
                  "nodeType": "host",
                  "props": Object {
                    "children": "Similar Artists:",
                    "className": "similar-artists",
                  },
                  "ref": null,
                  "rendered": "Similar Artists:",
                  "type": "h3",
                },
              ],
              "type": "span",
            },
            Object {
              "instance": null,
              "key": undefined,
              "nodeType": "host",
              "props": Object {
                "children": <div
                  className="watchlist"
>
                  <h3>
                                    Latest Appearances In
                                    <span
                                                      className="city-header"
                                    />
                  </h3>
                  <div
                                    className="recent-table-headings"
                  >
                                    <h4
                                                      className="event-header"
                                    >
                                                      Date
                                    </h4>
                                    <h4
                                                      className="event-header"
                                    >
                                                      Venue
                                    </h4>
                                    <h4
                                                      className="event-header"
                                    >
                                                      Billing
                                    </h4>
                  </div>
                  <div
                                    className="event-container"
                  />
</div>,
                "className": "past-events",
              },
              "ref": null,
              "rendered": Object {
                "instance": null,
                "key": undefined,
                "nodeType": "host",
                "props": Object {
                  "children": Array [
                    <h3>
                      Latest Appearances In
                      <span
                                            className="city-header"
                      />
</h3>,
                    <div
                      className="recent-table-headings"
>
                      <h4
                                            className="event-header"
                      >
                                            Date
                      </h4>
                      <h4
                                            className="event-header"
                      >
                                            Venue
                      </h4>
                      <h4
                                            className="event-header"
                      >
                                            Billing
                      </h4>
</div>,
                    <div
                      className="event-container"
/>,
                  ],
                  "className": "watchlist",
                },
                "ref": null,
                "rendered": Array [
                  Object {
                    "instance": null,
                    "key": undefined,
                    "nodeType": "host",
                    "props": Object {
                      "children": Array [
                        "Latest Appearances In",
                        <span
                          className="city-header"
/>,
                      ],
                    },
                    "ref": null,
                    "rendered": Array [
                      "Latest Appearances In",
                      Object {
                        "instance": null,
                        "key": undefined,
                        "nodeType": "host",
                        "props": Object {
                          "children": undefined,
                          "className": "city-header",
                        },
                        "ref": null,
                        "rendered": null,
                        "type": "span",
                      },
                    ],
                    "type": "h3",
                  },
                  Object {
                    "instance": null,
                    "key": undefined,
                    "nodeType": "host",
                    "props": Object {
                      "children": Array [
                        <h4
                          className="event-header"
>
                          Date
</h4>,
                        <h4
                          className="event-header"
>
                          Venue
</h4>,
                        <h4
                          className="event-header"
>
                          Billing
</h4>,
                      ],
                      "className": "recent-table-headings",
                    },
                    "ref": null,
                    "rendered": Array [
                      Object {
                        "instance": null,
                        "key": undefined,
                        "nodeType": "host",
                        "props": Object {
                          "children": "Date",
                          "className": "event-header",
                        },
                        "ref": null,
                        "rendered": "Date",
                        "type": "h4",
                      },
                      Object {
                        "instance": null,
                        "key": undefined,
                        "nodeType": "host",
                        "props": Object {
                          "children": "Venue",
                          "className": "event-header",
                        },
                        "ref": null,
                        "rendered": "Venue",
                        "type": "h4",
                      },
                      Object {
                        "instance": null,
                        "key": undefined,
                        "nodeType": "host",
                        "props": Object {
                          "children": "Billing",
                          "className": "event-header",
                        },
                        "ref": null,
                        "rendered": "Billing",
                        "type": "h4",
                      },
                    ],
                    "type": "div",
                  },
                  Object {
                    "instance": null,
                    "key": undefined,
                    "nodeType": "host",
                    "props": Object {
                      "children": undefined,
                      "className": "event-container",
                    },
                    "ref": null,
                    "rendered": null,
                    "type": "div",
                  },
                ],
                "type": "div",
              },
              "type": "div",
            },
          ],
          "type": "div",
        },
        "type": "div",
      },
    ],
    "type": "div",
  },
  Symbol(enzyme.__nodes__): Array [
    Object {
      "instance": null,
      "key": undefined,
      "nodeType": "host",
      "props": Object {
        "children": Array [
          <Connect(Nav) />,
          <div
            className="main-content-frame"
>
            <div
                        className="main-content"
            >
                        <div
                                    className="portrait-wrap"
                        >
                                    <div
                                                className="profile-frame"
                                    >
                                                <img
                                                            alt="artist-profile"
                                                            className="profile-image"
                                                            src=""
                                                />
                                    </div>
                                    <div
                                                className="stat-wrap"
                                    >
                                                <span
                                                            className="name-wrap"
                                                >
                                                            <h1
                                                                        className="artist-name"
                                                            />
                                                            <span
                                                                        className="button-wrap"
                                                            >
                                                                        <a
                                                                                    href=""
                                                                                    target="_blank"
                                                                        >
                                                                                    <img
                                                                                                alt="spotify"
                                                                                                className="spotify-icon button"
                                                                                                src="Spotify_Icon_RGB_White.png"
                                                                                    />
                                                                        </a>
                                                                        <Link
                                                                                    replace={false}
                                                                                    to="/artists"
                                                                        >
                                                                                    <img
                                                                                                alt="back"
                                                                                                className="back-button button"
                                                                                                src="back.svg"
                                                                                    />
                                                                        </Link>
                                                            </span>
                                                </span>
                                                <span
                                                            className="followers-wrap"
                                                >
                                                            <h3>
                                                                        Spotify Followers:
                                                            </h3>
                                                            <p
                                                                        className="followers"
                                                            />
                                                </span>
                                                <span
                                                            className="genre-wrap"
                                                >
                                                            <h3
                                                                        className="genres"
                                                            >
                                                                        Genres:
                                                            </h3>
                                                </span>
                                    </div>
                        </div>
                        <p
                                    className="bio"
                        />
                        <span
                                    className="similar-wrap"
                        >
                                    <h3
                                                className="similar-artists"
                                    >
                                                Similar Artists:
                                    </h3>
                        </span>
                        <div
                                    className="past-events"
                        >
                                    <div
                                                className="watchlist"
                                    >
                                                <h3>
                                                            Latest Appearances In
                                                            <span
                                                                        className="city-header"
                                                            />
                                                </h3>
                                                <div
                                                            className="recent-table-headings"
                                                >
                                                            <h4
                                                                        className="event-header"
                                                            >
                                                                        Date
                                                            </h4>
                                                            <h4
                                                                        className="event-header"
                                                            >
                                                                        Venue
                                                            </h4>
                                                            <h4
                                                                        className="event-header"
                                                            >
                                                                        Billing
                                                            </h4>
                                                </div>
                                                <div
                                                            className="event-container"
                                                />
                                    </div>
                        </div>
            </div>
</div>,
        ],
        "className": "artist-show",
      },
      "ref": null,
      "rendered": Array [
        Object {
          "instance": null,
          "key": undefined,
          "nodeType": "class",
          "props": Object {},
          "ref": null,
          "rendered": null,
          "type": [Function],
        },
        Object {
          "instance": null,
          "key": undefined,
          "nodeType": "host",
          "props": Object {
            "children": <div
              className="main-content"
>
              <div
                            className="portrait-wrap"
              >
                            <div
                                          className="profile-frame"
                            >
                                          <img
                                                        alt="artist-profile"
                                                        className="profile-image"
                                                        src=""
                                          />
                            </div>
                            <div
                                          className="stat-wrap"
                            >
                                          <span
                                                        className="name-wrap"
                                          >
                                                        <h1
                                                                      className="artist-name"
                                                        />
                                                        <span
                                                                      className="button-wrap"
                                                        >
                                                                      <a
                                                                                    href=""
                                                                                    target="_blank"
                                                                      >
                                                                                    <img
                                                                                                  alt="spotify"
                                                                                                  className="spotify-icon button"
                                                                                                  src="Spotify_Icon_RGB_White.png"
                                                                                    />
                                                                      </a>
                                                                      <Link
                                                                                    replace={false}
                                                                                    to="/artists"
                                                                      >
                                                                                    <img
                                                                                                  alt="back"
                                                                                                  className="back-button button"
                                                                                                  src="back.svg"
                                                                                    />
                                                                      </Link>
                                                        </span>
                                          </span>
                                          <span
                                                        className="followers-wrap"
                                          >
                                                        <h3>
                                                                      Spotify Followers:
                                                        </h3>
                                                        <p
                                                                      className="followers"
                                                        />
                                          </span>
                                          <span
                                                        className="genre-wrap"
                                          >
                                                        <h3
                                                                      className="genres"
                                                        >
                                                                      Genres:
                                                        </h3>
                                          </span>
                            </div>
              </div>
              <p
                            className="bio"
              />
              <span
                            className="similar-wrap"
              >
                            <h3
                                          className="similar-artists"
                            >
                                          Similar Artists:
                            </h3>
              </span>
              <div
                            className="past-events"
              >
                            <div
                                          className="watchlist"
                            >
                                          <h3>
                                                        Latest Appearances In
                                                        <span
                                                                      className="city-header"
                                                        />
                                          </h3>
                                          <div
                                                        className="recent-table-headings"
                                          >
                                                        <h4
                                                                      className="event-header"
                                                        >
                                                                      Date
                                                        </h4>
                                                        <h4
                                                                      className="event-header"
                                                        >
                                                                      Venue
                                                        </h4>
                                                        <h4
                                                                      className="event-header"
                                                        >
                                                                      Billing
                                                        </h4>
                                          </div>
                                          <div
                                                        className="event-container"
                                          />
                            </div>
              </div>
</div>,
            "className": "main-content-frame",
          },
          "ref": null,
          "rendered": Object {
            "instance": null,
            "key": undefined,
            "nodeType": "host",
            "props": Object {
              "children": Array [
                <div
                  className="portrait-wrap"
>
                  <div
                                    className="profile-frame"
                  >
                                    <img
                                                      alt="artist-profile"
                                                      className="profile-image"
                                                      src=""
                                    />
                  </div>
                  <div
                                    className="stat-wrap"
                  >
                                    <span
                                                      className="name-wrap"
                                    >
                                                      <h1
                                                                        className="artist-name"
                                                      />
                                                      <span
                                                                        className="button-wrap"
                                                      >
                                                                        <a
                                                                                          href=""
                                                                                          target="_blank"
                                                                        >
                                                                                          <img
                                                                                                            alt="spotify"
                                                                                                            className="spotify-icon button"
                                                                                                            src="Spotify_Icon_RGB_White.png"
                                                                                          />
                                                                        </a>
                                                                        <Link
                                                                                          replace={false}
                                                                                          to="/artists"
                                                                        >
                                                                                          <img
                                                                                                            alt="back"
                                                                                                            className="back-button button"
                                                                                                            src="back.svg"
                                                                                          />
                                                                        </Link>
                                                      </span>
                                    </span>
                                    <span
                                                      className="followers-wrap"
                                    >
                                                      <h3>
                                                                        Spotify Followers:
                                                      </h3>
                                                      <p
                                                                        className="followers"
                                                      />
                                    </span>
                                    <span
                                                      className="genre-wrap"
                                    >
                                                      <h3
                                                                        className="genres"
                                                      >
                                                                        Genres:
                                                      </h3>
                                    </span>
                  </div>
</div>,
                <p
                  className="bio"
/>,
                <span
                  className="similar-wrap"
>
                  <h3
                                    className="similar-artists"
                  >
                                    Similar Artists:
                  </h3>
</span>,
                <div
                  className="past-events"
>
                  <div
                                    className="watchlist"
                  >
                                    <h3>
                                                      Latest Appearances In
                                                      <span
                                                                        className="city-header"
                                                      />
                                    </h3>
                                    <div
                                                      className="recent-table-headings"
                                    >
                                                      <h4
                                                                        className="event-header"
                                                      >
                                                                        Date
                                                      </h4>
                                                      <h4
                                                                        className="event-header"
                                                      >
                                                                        Venue
                                                      </h4>
                                                      <h4
                                                                        className="event-header"
                                                      >
                                                                        Billing
                                                      </h4>
                                    </div>
                                    <div
                                                      className="event-container"
                                    />
                  </div>
</div>,
              ],
              "className": "main-content",
            },
            "ref": null,
            "rendered": Array [
              Object {
                "instance": null,
                "key": undefined,
                "nodeType": "host",
                "props": Object {
                  "children": Array [
                    <div
                      className="profile-frame"
>
                      <img
                                            alt="artist-profile"
                                            className="profile-image"
                                            src=""
                      />
</div>,
                    <div
                      className="stat-wrap"
>
                      <span
                                            className="name-wrap"
                      >
                                            <h1
                                                                  className="artist-name"
                                            />
                                            <span
                                                                  className="button-wrap"
                                            >
                                                                  <a
                                                                                        href=""
                                                                                        target="_blank"
                                                                  >
                                                                                        <img
                                                                                                              alt="spotify"
                                                                                                              className="spotify-icon button"
                                                                                                              src="Spotify_Icon_RGB_White.png"
                                                                                        />
                                                                  </a>
                                                                  <Link
                                                                                        replace={false}
                                                                                        to="/artists"
                                                                  >
                                                                                        <img
                                                                                                              alt="back"
                                                                                                              className="back-button button"
                                                                                                              src="back.svg"
                                                                                        />
                                                                  </Link>
                                            </span>
                      </span>
                      <span
                                            className="followers-wrap"
                      >
                                            <h3>
                                                                  Spotify Followers:
                                            </h3>
                                            <p
                                                                  className="followers"
                                            />
                      </span>
                      <span
                                            className="genre-wrap"
                      >
                                            <h3
                                                                  className="genres"
                                            >
                                                                  Genres:
                                            </h3>
                      </span>
</div>,
                  ],
                  "className": "portrait-wrap",
                },
                "ref": null,
                "rendered": Array [
                  Object {
                    "instance": null,
                    "key": undefined,
                    "nodeType": "host",
                    "props": Object {
                      "children": <img
                        alt="artist-profile"
                        className="profile-image"
                        src=""
/>,
                      "className": "profile-frame",
                    },
                    "ref": null,
                    "rendered": Object {
                      "instance": null,
                      "key": undefined,
                      "nodeType": "host",
                      "props": Object {
                        "alt": "artist-profile",
                        "className": "profile-image",
                        "src": "",
                      },
                      "ref": null,
                      "rendered": null,
                      "type": "img",
                    },
                    "type": "div",
                  },
                  Object {
                    "instance": null,
                    "key": undefined,
                    "nodeType": "host",
                    "props": Object {
                      "children": Array [
                        <span
                          className="name-wrap"
>
                          <h1
                                                    className="artist-name"
                          />
                          <span
                                                    className="button-wrap"
                          >
                                                    <a
                                                                              href=""
                                                                              target="_blank"
                                                    >
                                                                              <img
                                                                                                        alt="spotify"
                                                                                                        className="spotify-icon button"
                                                                                                        src="Spotify_Icon_RGB_White.png"
                                                                              />
                                                    </a>
                                                    <Link
                                                                              replace={false}
                                                                              to="/artists"
                                                    >
                                                                              <img
                                                                                                        alt="back"
                                                                                                        className="back-button button"
                                                                                                        src="back.svg"
                                                                              />
                                                    </Link>
                          </span>
</span>,
                        <span
                          className="followers-wrap"
>
                          <h3>
                                                    Spotify Followers:
                          </h3>
                          <p
                                                    className="followers"
                          />
</span>,
                        <span
                          className="genre-wrap"
>
                          <h3
                                                    className="genres"
                          >
                                                    Genres:
                          </h3>
</span>,
                      ],
                      "className": "stat-wrap",
                    },
                    "ref": null,
                    "rendered": Array [
                      Object {
                        "instance": null,
                        "key": undefined,
                        "nodeType": "host",
                        "props": Object {
                          "children": Array [
                            <h1
                              className="artist-name"
/>,
                            <span
                              className="button-wrap"
>
                              <a
                                                            href=""
                                                            target="_blank"
                              >
                                                            <img
                                                                                          alt="spotify"
                                                                                          className="spotify-icon button"
                                                                                          src="Spotify_Icon_RGB_White.png"
                                                            />
                              </a>
                              <Link
                                                            replace={false}
                                                            to="/artists"
                              >
                                                            <img
                                                                                          alt="back"
                                                                                          className="back-button button"
                                                                                          src="back.svg"
                                                            />
                              </Link>
</span>,
                          ],
                          "className": "name-wrap",
                        },
                        "ref": null,
                        "rendered": Array [
                          Object {
                            "instance": null,
                            "key": undefined,
                            "nodeType": "host",
                            "props": Object {
                              "children": "",
                              "className": "artist-name",
                            },
                            "ref": null,
                            "rendered": "",
                            "type": "h1",
                          },
                          Object {
                            "instance": null,
                            "key": undefined,
                            "nodeType": "host",
                            "props": Object {
                              "children": Array [
                                <a
                                  href=""
                                  target="_blank"
>
                                  <img
                                                                    alt="spotify"
                                                                    className="spotify-icon button"
                                                                    src="Spotify_Icon_RGB_White.png"
                                  />
</a>,
                                <Link
                                  replace={false}
                                  to="/artists"
>
                                  <img
                                                                    alt="back"
                                                                    className="back-button button"
                                                                    src="back.svg"
                                  />
</Link>,
                              ],
                              "className": "button-wrap",
                            },
                            "ref": null,
                            "rendered": Array [
                              Object {
                                "instance": null,
                                "key": undefined,
                                "nodeType": "host",
                                "props": Object {
                                  "children": <img
                                    alt="spotify"
                                    className="spotify-icon button"
                                    src="Spotify_Icon_RGB_White.png"
/>,
                                  "href": "",
                                  "target": "_blank",
                                },
                                "ref": null,
                                "rendered": Object {
                                  "instance": null,
                                  "key": undefined,
                                  "nodeType": "host",
                                  "props": Object {
                                    "alt": "spotify",
                                    "className": "spotify-icon button",
                                    "src": "Spotify_Icon_RGB_White.png",
                                  },
                                  "ref": null,
                                  "rendered": null,
                                  "type": "img",
                                },
                                "type": "a",
                              },
                              Object {
                                "instance": null,
                                "key": undefined,
                                "nodeType": "class",
                                "props": Object {
                                  "children": <img
                                    alt="back"
                                    className="back-button button"
                                    src="back.svg"
/>,
                                  "replace": false,
                                  "to": "/artists",
                                },
                                "ref": null,
                                "rendered": Object {
                                  "instance": null,
                                  "key": undefined,
                                  "nodeType": "host",
                                  "props": Object {
                                    "alt": "back",
                                    "className": "back-button button",
                                    "src": "back.svg",
                                  },
                                  "ref": null,
                                  "rendered": null,
                                  "type": "img",
                                },
                                "type": [Function],
                              },
                            ],
                            "type": "span",
                          },
                        ],
                        "type": "span",
                      },
                      Object {
                        "instance": null,
                        "key": undefined,
                        "nodeType": "host",
                        "props": Object {
                          "children": Array [
                            <h3>
                              Spotify Followers:
</h3>,
                            <p
                              className="followers"
/>,
                          ],
                          "className": "followers-wrap",
                        },
                        "ref": null,
                        "rendered": Array [
                          Object {
                            "instance": null,
                            "key": undefined,
                            "nodeType": "host",
                            "props": Object {
                              "children": "Spotify Followers:",
                            },
                            "ref": null,
                            "rendered": "Spotify Followers:",
                            "type": "h3",
                          },
                          Object {
                            "instance": null,
                            "key": undefined,
                            "nodeType": "host",
                            "props": Object {
                              "children": undefined,
                              "className": "followers",
                            },
                            "ref": null,
                            "rendered": null,
                            "type": "p",
                          },
                        ],
                        "type": "span",
                      },
                      Object {
                        "instance": null,
                        "key": undefined,
                        "nodeType": "host",
                        "props": Object {
                          "children": Array [
                            <h3
                              className="genres"
>
                              Genres:
</h3>,
                            Array [],
                          ],
                          "className": "genre-wrap",
                        },
                        "ref": null,
                        "rendered": Array [
                          Object {
                            "instance": null,
                            "key": undefined,
                            "nodeType": "host",
                            "props": Object {
                              "children": "Genres:",
                              "className": "genres",
                            },
                            "ref": null,
                            "rendered": "Genres:",
                            "type": "h3",
                          },
                        ],
                        "type": "span",
                      },
                    ],
                    "type": "div",
                  },
                ],
                "type": "div",
              },
              Object {
                "instance": null,
                "key": undefined,
                "nodeType": "host",
                "props": Object {
                  "children": "",
                  "className": "bio",
                },
                "ref": null,
                "rendered": "",
                "type": "p",
              },
              Object {
                "instance": null,
                "key": undefined,
                "nodeType": "host",
                "props": Object {
                  "children": Array [
                    <h3
                      className="similar-artists"
>
                      Similar Artists:
</h3>,
                    Array [],
                  ],
                  "className": "similar-wrap",
                },
                "ref": null,
                "rendered": Array [
                  Object {
                    "instance": null,
                    "key": undefined,
                    "nodeType": "host",
                    "props": Object {
                      "children": "Similar Artists:",
                      "className": "similar-artists",
                    },
                    "ref": null,
                    "rendered": "Similar Artists:",
                    "type": "h3",
                  },
                ],
                "type": "span",
              },
              Object {
                "instance": null,
                "key": undefined,
                "nodeType": "host",
                "props": Object {
                  "children": <div
                    className="watchlist"
>
                    <h3>
                                        Latest Appearances In
                                        <span
                                                            className="city-header"
                                        />
                    </h3>
                    <div
                                        className="recent-table-headings"
                    >
                                        <h4
                                                            className="event-header"
                                        >
                                                            Date
                                        </h4>
                                        <h4
                                                            className="event-header"
                                        >
                                                            Venue
                                        </h4>
                                        <h4
                                                            className="event-header"
                                        >
                                                            Billing
                                        </h4>
                    </div>
                    <div
                                        className="event-container"
                    />
</div>,
                  "className": "past-events",
                },
                "ref": null,
                "rendered": Object {
                  "instance": null,
                  "key": undefined,
                  "nodeType": "host",
                  "props": Object {
                    "children": Array [
                      <h3>
                        Latest Appearances In
                        <span
                                                className="city-header"
                        />
</h3>,
                      <div
                        className="recent-table-headings"
>
                        <h4
                                                className="event-header"
                        >
                                                Date
                        </h4>
                        <h4
                                                className="event-header"
                        >
                                                Venue
                        </h4>
                        <h4
                                                className="event-header"
                        >
                                                Billing
                        </h4>
</div>,
                      <div
                        className="event-container"
/>,
                    ],
                    "className": "watchlist",
                  },
                  "ref": null,
                  "rendered": Array [
                    Object {
                      "instance": null,
                      "key": undefined,
                      "nodeType": "host",
                      "props": Object {
                        "children": Array [
                          "Latest Appearances In",
                          <span
                            className="city-header"
/>,
                        ],
                      },
                      "ref": null,
                      "rendered": Array [
                        "Latest Appearances In",
                        Object {
                          "instance": null,
                          "key": undefined,
                          "nodeType": "host",
                          "props": Object {
                            "children": undefined,
                            "className": "city-header",
                          },
                          "ref": null,
                          "rendered": null,
                          "type": "span",
                        },
                      ],
                      "type": "h3",
                    },
                    Object {
                      "instance": null,
                      "key": undefined,
                      "nodeType": "host",
                      "props": Object {
                        "children": Array [
                          <h4
                            className="event-header"
>
                            Date
</h4>,
                          <h4
                            className="event-header"
>
                            Venue
</h4>,
                          <h4
                            className="event-header"
>
                            Billing
</h4>,
                        ],
                        "className": "recent-table-headings",
                      },
                      "ref": null,
                      "rendered": Array [
                        Object {
                          "instance": null,
                          "key": undefined,
                          "nodeType": "host",
                          "props": Object {
                            "children": "Date",
                            "className": "event-header",
                          },
                          "ref": null,
                          "rendered": "Date",
                          "type": "h4",
                        },
                        Object {
                          "instance": null,
                          "key": undefined,
                          "nodeType": "host",
                          "props": Object {
                            "children": "Venue",
                            "className": "event-header",
                          },
                          "ref": null,
                          "rendered": "Venue",
                          "type": "h4",
                        },
                        Object {
                          "instance": null,
                          "key": undefined,
                          "nodeType": "host",
                          "props": Object {
                            "children": "Billing",
                            "className": "event-header",
                          },
                          "ref": null,
                          "rendered": "Billing",
                          "type": "h4",
                        },
                      ],
                      "type": "div",
                    },
                    Object {
                      "instance": null,
                      "key": undefined,
                      "nodeType": "host",
                      "props": Object {
                        "children": undefined,
                        "className": "event-container",
                      },
                      "ref": null,
                      "rendered": null,
                      "type": "div",
                    },
                  ],
                  "type": "div",
                },
                "type": "div",
              },
            ],
            "type": "div",
          },
          "type": "div",
        },
      ],
      "type": "div",
    },
  ],
  Symbol(enzyme.__options__): Object {
    "adapter": ReactSixteenAdapter {
      "options": Object {
        "enableComponentDidUpdateOnSetState": true,
        "lifecycles": Object {
          "componentDidUpdate": Object {
            "onSetState": true,
          },
          "getDerivedStateFromProps": true,
          "getSnapshotBeforeUpdate": true,
          "setState": Object {
            "skipsComponentDidUpdateOnNullish": true,
          },
        },
      },
    },
    "disableLifecycleMethods": true,
  },
}
`;
